******************************************************************************
               TMS320C6x Linker PC v8.2.2                      
******************************************************************************
>> Linked Fri Jul  6 17:09:03 2018

OUTPUT FILE NAME:   <SocketEchoServerAndSRIO_evmc6678l_2_releaseV5_mm.out>
ENTRY POINT SYMBOL: "_c_int00"  address: 80956fc0


MEMORY CONFIGURATION

         name            origin    length      used     unused   attr    fill
----------------------  --------  ---------  --------  --------  ----  --------
  L2SRAM                00800000   00080000  00071f32  0000e0ce  RW X
  MSMCSRAM              0c000000   00400000  00145400  002bac00  RW X
  DDR3                  80000000   20000000  00976d8e  1f689272  RW X


SEGMENT ALLOCATION MAP

run origin  load origin   length   init length attrs members
----------  ----------- ---------- ----------- ----- -------
00800000    00800000    00071a09   00000000    rw-
  00800000    00800000    0005ddc0   00000000    rw- .far
  0085ddc0    0085ddc0    00000040   00000000    rw- .fardata.1
  0085de00    0085de00    00008000   00000000    rw- .resmgr_memregion
  00865e00    00865e00    00003c00   00000000    rw- .far:taskStackSection
  00869a00    00869a00    000027ea   00000000    rw- .fardata.2
  0086c1f0    0086c1f0    00002400   00000000    rw- .stack
  0086e5f0    0086e5f0    00001488   00000000    rw- .resmgr_pa
  0086fa80    0086fa80    00001000   00000000    rw- .far:NDK_OBJMEM
  00870a80    00870a80    00000c30   00000000    rw- .PCParasVars
  008716b0    008716b0    000000f2   00000000    rw- .bss
  008717a4    008717a4    00000265   00000000    rw- .neardata
00871a0c    00871a0c    0000005c   00000000    r--
  00871a0c    00871a0c    0000005c   00000000    r-- .rodata
00871a80    00871a80    000004e0   00000000    rw-
  00871a80    00871a80    00000318   00000000    rw- .nimu_eth_ll2
  00871d98    00871d98    00000120   00000000    rw- .cio
  00871ec0    00871ec0    000000a0   00000000    rw- .resmgr_handles
0c000000    0c000000    0000e840   00000000    rw-
  0c000000    0c000000    0000e840   00000000    rw- .sharedVar
0c010000    0c010000    0000a020   00000000    rw-
  0c010000    0c010000    00001000   00000000    rw- .fpgaData0
  0c011000    0c011000    00009020   00000000    rw- .filterVars
0c020000    0c020000    0005a0a0   00000000    rw-
  0c020000    0c020000    00001000   00000000    rw- .fpgaData1
  0c021000    0c021000    000590a0   00000000    rw- .shared
0c07a100    0c07a100    00052b00   00000000    rw-
  0c07a100    0c07a100    00052b00   00000000    rw- .far:NDK_PACKETMEM
80000000    80000000    0078e8c0   00000000    rw-
  80000000    80000000    00400000   00000000    rw- systemHeap2
  80400000    80400000    0038e8c0   00000000    rw- .FFTVars
8078e8c0    8078e8c0    00000040   00000040    r-x
  8078e8c0    8078e8c0    00000040   00000040    r-x .text.1
8078e900    8078e900    0015b180   00000000    rw-
  8078e900    8078e900    0015b180   00000000    rw- .sharedVar1
808e9a80    808e9a80    00086178   00086178    r-x
  808e9a80    808e9a80    00079d20   00079d20    r-x .text.2
  809637a0    809637a0    0000c3f6   0000c3f6    r-- .const
  8096fb98    8096fb98    00000060   00000060    r-- .switch.1
8096fc00    8096fc00    00004790   00000000    rw-
  8096fc00    8096fc00    00002400   00000000    rw- .qmss
  80972000    80972000    00001370   00000000    rw- platform_lib
  80973370    80973370    00001020   00000000    rw- .filterVars1
80974390    80974390    00000070   00000070    r--
  80974390    80974390    00000070   00000070    r-- .switch.2
80974400    80974400    000007b8   000007b8    r-x
  80974400    80974400    00000200   00000200    r-x .csl_vect
  80974600    80974600    00000200   00000200    r-- .switch.3
  80974800    80974800    00000200   00000200    r-x .vecs
  80974a00    80974a00    000001b8   000001b8    r-- .switch.4
80974c00    80974c00    00000380   00000000    rw-
  80974c00    80974c00    00000200   00000000    rw- .cppi
  80974e00    80974e00    00000180   00000000    rw- .srioSharedMem
80974f80    80974f80    00001e60   00001e60    r--
  80974f80    80974f80    00001e60   00001e60    r-- .cinit


SECTION ALLOCATION MAP

 output                                  attributes/
section   page    origin      length       input sections
--------  ----  ----------  ----------   ----------------
ti.sdo.ipc.SharedRegion_0 
*          0    0c100000    00080000     NOLOAD SECTION
                  0c100000    00080000     --HOLE--

.stack     0    0086c1f0    00002400     UNINITIALIZED
                  0086c1f0    00000008     boot.ae66 : boot.oe66 (.stack)
                  0086c1f8    000023f8     --HOLE--

.bss       0    008716b0    000000f2     UNINITIALIZED
                  008716b0    0000004c     ti.csl.intc.ae66 : _csl_intcResource.oe66 (.bss:csl_section:intc:uninit)
                  008716fc    00000018     hal_timer_bios.ae66 : lltimer.oe66 (.bss)
                  00871714    00000014     stk6_ppp_pppoe.ae66 : igmp.oe66 (.bss)
                  00871728    0000000c     ti.transport.ndk.nimu.ae66 : nimu_eth.obj (.bss)
                  00871734    00000008     ti.csl.intc.ae66 : _csl_intcResource.oe66 (.bss:csl_section:intc:init)
                  0087173c    00000008     netctrl.ae66 : netctrl.oe66 (.bss)
                  00871744    00000008     nettool.ae66 : daemon.oe66 (.bss)
                  0087174c    00000008     stk6_ppp_pppoe.ae66 : ip.oe66 (.bss)
                  00871754    00000008                         : nimupppoe.oe66 (.bss)
                  0087175c    00000004     nettool.ae66 : ipaddr.oe66 (.bss)
                  00871760    00000004     stk6_ppp_pppoe.ae66 : ipv6_frag.oe66 (.bss)
                  00871764    00000004                         : lli6.oe66 (.bss)
                  00871768    00000004                         : rtable.oe66 (.bss)
                  0087176c    00000004     ti.platform.evm6678l.ae66 : evmc66x_spi.obj (.bss)
                  00871770    00000004     (.common:Ipc_sr0MemorySetup)
                  00871774    00000004     (.common:addr)
                  00871778    00000004     (.common:errn)
                  0087177c    00000004     (.common:hDrvManagedSrioDrv)
                  00871780    00000004     (.common:hSrioCSL)
                  00871784    00000004     (.common:hSrio_test)
                  00871788    00000004     (.common:hTCPtask1)
                  0087178c    00000004     (.common:mysem1)
                  00871790    00000004     (.common:mysem2)
                  00871794    00000004     (.common:ptr_DataBuffer)
                  00871798    00000004     (.common:startTime0)
                  0087179c    00000004     (.common:totalBytes)
                  008717a0    00000002     (.common:counter)

.neardata 
*          0    008717a4    00000265     UNINITIALIZED
                  008717a4    0000004a     SRIO_loopbackDioIsr.obj (.neardata)
                  008717ee    00000002     --HOLE--
                  008717f0    00000044     nettool.ae66 : httpstr.oe66 (.neardata)
                  00871834    00000044     task_TCP_Svr.obj (.neardata)
                  00871878    00000024     os.ae66 : mem.oe66 (.neardata)
                  0087189c    00000020     client.obj (.neardata)
                  008718bc    00000018     netctrl.ae66 : netctrl.oe66 (.neardata)
                  008718d4    00000018     os.ae66 : task.oe66 (.neardata)
                  008718ec    00000014     SRIO_TransmitToFPGA.obj (.neardata)
                  00871900    00000014     stk6_ppp_pppoe.ae66 : rtable.oe66 (.neardata)
                  00871914    00000010     nettool.ae66 : daemon.oe66 (.neardata)
                  00871924    00000010     stk6_ppp_pppoe.ae66 : bind6.oe66 (.neardata)
                  00871934    00000010                         : igmp.oe66 (.neardata)
                  00871944    0000000c     SRIO_loopbackDioIsr_osal.obj (.neardata)
                  00871950    0000000c     stk6_ppp_pppoe.ae66 : route6.oe66 (.neardata)
                  0087195c    00000008     miniPrintf.ae66 : miniPrintf.oe66 (.neardata)
                  00871964    00000008     os.ae66 : ossys.oe66 (.neardata)
                  0087196c    00000008     stk6_ppp_pppoe.ae66 : exec.oe66 (.neardata)
                  00871974    00000008                         : icmp.oe66 (.neardata)
                  0087197c    00000008                         : ip.oe66 (.neardata)
                  00871984    00000008                         : ipin.oe66 (.neardata)
                  0087198c    00000008                         : ipv6_frag.oe66 (.neardata)
                  00871994    00000008                         : lli.oe66 (.neardata)
                  0087199c    00000008                         : nimupppoe.oe66 (.neardata)
                  008719a4    00000008                         : rtc.oe66 (.neardata)
                  008719ac    00000008                         : tcp.oe66 (.neardata)
                  008719b4    00000008                         : tcp6.oe66 (.neardata)
                  008719bc    00000008                         : timer.oe66 (.neardata)
                  008719c4    00000008     ti.platform.evm6678l.ae66 : platform.obj (.neardata)
                  008719cc    00000004     hal_timer_bios.ae66 : lltimer.oe66 (.neardata)
                  008719d0    00000004     idleFunctions_appuser.obj (.neardata)
                  008719d4    00000004     netctrl.ae66 : netsrv.oe66 (.neardata)
                  008719d8    00000004     nettool.ae66 : config.oe66 (.neardata)
                  008719dc    00000004                  : httpsend.oe66 (.neardata)
                  008719e0    00000004     os.ae66 : efs.oe66 (.neardata)
                  008719e4    00000004     stk6_ppp_pppoe.ae66 : bind.oe66 (.neardata)
                  008719e8    00000004                         : ipfrag.oe66 (.neardata)
                  008719ec    00000004                         : lli6.oe66 (.neardata)
                  008719f0    00000004                         : mld.oe66 (.neardata)
                  008719f4    00000004                         : node.oe66 (.neardata)
                  008719f8    00000004                         : pbm.oe66 (.neardata)
                  008719fc    00000004                         : sock6pcb.oe66 (.neardata)
                  00871a00    00000004                         : sockpcb.oe66 (.neardata)
                  00871a04    00000002     ti.transport.ndk.nimu.ae66 : nimu_eth.obj (.neardata)
                  00871a06    00000002     --HOLE--
                  00871a08    00000001     ti.drv.qmss.ae66 : qmss_drv.oe66 (.neardata)

.rodata    0    00871a0c    0000005c     UNINITIALIZED
                  00871a0c    00000024     stk6_ppp_pppoe.ae66 : ipv6.oe66 (.rodata)
                  00871a30    00000020     SRIO_loopbackDioIsr.obj (.rodata)
                  00871a50    00000010     os.ae66 : mem_data.oe66 (.rodata)
                  00871a60    00000008     stk6_ppp_pppoe.ae66 : pbm_data.oe66 (.rodata)

.cinit     0    80974f80    00001e60     
                  80974f80    0000160f     (.cinit..fardata.2.load) [load image, compression = rle]
                  8097658f    000003ce     (.cinit..filterVars1.load) [load image, compression = rle]
                  8097695d    000000c5     (.cinit..neardata.load) [load image, compression = rle]
                  80976a22    0000009f     (.cinit.platform_lib.load) [load image, compression = rle]
                  80976ac1    0000005f     (.cinit..rodata.load) [load image, compression = rle]
                  80976b20    0000004a     (.cinit..sharedVar.load) [load image, compression = rle]
                  80976b6a    00000041     (.cinit..sharedVar1.load) [load image, compression = rle]
                  80976bab    00000034     (.cinit..PCParasVars.load) [load image, compression = rle]
                  80976bdf    00000029     (.cinit..far.load) [load image, compression = rle]
                  80976c08    00000026     (.cinit..fardata.1.load) [load image, compression = rle]
                  80976c2e    00000014     (.cinit..fpgaData0.load) [load image, compression = rle]
                  80976c42    00000014     (.cinit..fpgaData1.load) [load image, compression = rle]
                  80976c56    0000000d     (.cinit..FFTVars.load) [load image, compression = rle]
                  80976c63    0000000d     (.cinit..far:NDK_PACKETMEM.load) [load image, compression = rle]
                  80976c70    0000000d     (.cinit..shared.load) [load image, compression = rle]
                  80976c7d    0000000d     (.cinit.systemHeap2.load) [load image, compression = rle]
                  80976c8a    0000000b     (.cinit..cppi.load) [load image, compression = rle]
                  80976c95    0000000b     (.cinit..far:NDK_OBJMEM.load) [load image, compression = rle]
                  80976ca0    0000000b     (.cinit..far:taskStackSection.load) [load image, compression = rle]
                  80976cab    0000000b     (.cinit..filterVars.load) [load image, compression = rle]
                  80976cb6    0000000b     (.cinit..nimu_eth_ll2.load) [load image, compression = rle]
                  80976cc1    0000000b     (.cinit..qmss.load) [load image, compression = rle]
                  80976ccc    0000000b     (.cinit..resmgr_memregion.load) [load image, compression = rle]
                  80976cd7    0000000b     (.cinit..resmgr_pa.load) [load image, compression = rle]
                  80976ce2    0000000b     (.cinit..srioSharedMem.load) [load image, compression = rle]
                  80976ced    00000009     (.cinit..bss.load) [load image, compression = rle]
                  80976cf6    00000009     (.cinit..resmgr_handles.load) [load image, compression = rle]
                  80976cff    00000001     --HOLE-- [fill = 0]
                  80976d00    00000008     (__TI_handler_table)
                  80976d08    000000d8     (__TI_cinit_table)

.init_array 
*          0    80000000    00000000     UNINITIALIZED

.fardata.1 
*          0    0085ddc0    00000040     UNINITIALIZED
                  0085ddc0    00000040     netctrl.ae66 : netsrv.oe66 (.fardata:CloseOrder)

.fardata.2 
*          0    00869a00    000027ea     UNINITIALIZED
                  00869a00    00000800     clientAndSRIO_pe66.oe66 (.fardata:ti_sdo_ipc_GateMP_Module_State_0_remoteCustom1Gates__A)
                  0086a200    00000500     clientAndSRIO_pe66.oe66 (.fardata:ti_sysbios_family_c66_tci66xx_CpIntc_Module_State_0_dispatchTab__A)
                  0086a700    00000400     clientAndSRIO_pe66.oe66 (.fardata:ti_sysbios_family_c64p_EventCombiner_Module__state__V)
                  0086ab00    000001e0     rts6600_elf.lib : defs.obj (.fardata:_ftable)
                  0086ace0    00000180     clientAndSRIO_pe66.oe66 (.fardata:ti_sysbios_timers_timer64_Timer_Module_State_0_device__A)
                  0086ae60    00000120     resourcemgr.obj (.fardata:qmssGblCfgParams)
                  0086af80    000000e0     clientAndSRIO_pe66.oe66 (.fardata:ti_sdo_utils_NameServer_Object__table__V)
                  0086b060    000000d8     clientAndSRIO_pe66.oe66 (.fardata:ti_sysbios_knl_Task_Object__table__V)
                  0086b138    000000b4     stk6_ppp_pppoe.ae66 : exec.oe66 (.fardata)
                  0086b1ec    00000004     rts6600_elf.lib : _lock.obj (.fardata:_lock)
                  0086b1f0    000000a0                     : write.obj (.fardata:_stream)
                  0086b290    000000a0     clientAndSRIO_pe66.oe66 (.fardata:ti_sdo_ipc_Ipc_Module_State_0_procEntry__A)
                  0086b330    00000090     clientAndSRIO_pe66.oe66 (.fardata:ti_sdo_ipc_SharedRegion_Module_State_0_regions__A)
                  0086b3c0    00000080     clientAndSRIO_pe66.oe66 (.fardata:ti_sdo_ipc_GateMP_Module_State_0_remoteSystemGates__A)
                  0086b440    00000080     clientAndSRIO_pe66.oe66 (.fardata:ti_sysbios_knl_Swi_Module_State_0_readyQ__A)
                  0086b4c0    00000080     clientAndSRIO_pe66.oe66 (.fardata:ti_sysbios_knl_Task_Module_State_0_readyQ__A)
                  0086b540    00000080     clientAndSRIO_pe66.oe66 (.fardata:ti_sysbios_timers_timer64_Timer_Module_State_0_gctrl__A)
                  0086b5c0    00000080     clientAndSRIO_pe66.oe66 (.fardata:ti_sysbios_timers_timer64_Timer_Module_State_0_handles__A)
                  0086b640    00000080     clientAndSRIO_pe66.oe66 (.fardata:ti_sysbios_timers_timer64_Timer_Module_State_0_intFreqs__A)
                  0086b6c0    00000078     rts6600_elf.lib : write.obj (.fardata:_device)
                  0086b738    00000078     resourcemgr.obj (.fardata:cppiGblCfgParams)
                  0086b7b0    00000078     clientAndSRIO_pe66.oe66 (.fardata:ti_sysbios_family_c64p_Hwi_Object__table__V)
                  0086b828    00000068     clientAndSRIO_pe66.oe66 (.fardata:ti_sysbios_family_c64p_Hwi_Module__state__V)
                  0086b890    00000050     stk6_ppp_pppoe.ae66 : exec.oe66 (.fardata:tasks)
                  0086b8e0    0000004d     nettool.ae66 : dhcptags.oe66 (.fardata:DHCPTypeCode)
                  0086b92d    00000001     --HOLE--
                  0086b92e    00000002     clientAndSRIO_pe66.oe66 (.fardata:xdc_runtime_Error_Module__state__V)
                  0086b930    0000004c     clientAndSRIO_pe66.oe66 (.fardata:ti_sysbios_family_c66_tci66xx_CpIntc_Module_State_0_hostIntToSysInt__A)
                  0086b97c    00000004     rts6600_elf.lib : _lock.obj (.fardata:_unlock)
                  0086b980    0000004c     clientAndSRIO_pe66.oe66 (.fardata:ti_sysbios_timers_timer64_Timer_Object__table__V)
                  0086b9cc    00000048     clientAndSRIO_pe66.oe66 (.fardata:ti_sdo_ipc_GateMP_Module__state__V)
                  0086ba14    0000000c     rts6600_elf.lib : exit.obj (.fardata)
                  0086ba20    00000040     netctrl.ae66 : netsrv.oe66 (.fardata:OpenOrder)
                  0086ba60    00000040     stk6_ppp_pppoe.ae66 : md5.oe66 (.fardata:PADDING)
                  0086baa0    00000040     rts6600_elf.lib : cos.obj (.fardata:R$1)
                  0086bae0    00000040                     : sin.obj (.fardata:R$1)
                  0086bb20    00000040     nettool.ae66 : httpsend.oe66 (.fardata:codestr)
                  0086bb60    00000040     clientAndSRIO_pe66.oe66 (.fardata:ti_sdo_ipc_MessageQ_Module_State_0_transports__A)
                  0086bba0    00000040     clientAndSRIO_pe66.oe66 (.fardata:ti_sdo_ipc_family_c647x_Interrupt_Module_State_0_fxnTable__A)
                  0086bbe0    00000040     clientAndSRIO_pe66.oe66 (.fardata:ti_sysbios_gates_GateMutex_Object__table__V)
                  0086bc20    00000034     stk6_ppp_pppoe.ae66 : tcp6time.oe66 (.fardata:tcp_backoff)
                  0086bc54    0000000c     clientAndSRIO_pe66.oe66 (.fardata:ti_sdo_ipc_Ipc_Module__state__V)
                  0086bc60    00000034     stk6_ppp_pppoe.ae66 : tcptime.oe66 (.fardata:tcp_backoff)
                  0086bc94    00000034     clientAndSRIO_pe66.oe66 (.fardata:ti_sysbios_knl_Task_Module__state__V)
                  0086bcc8    00000030     clientAndSRIO_pe66.oe66 (.fardata:ti_sysbios_knl_Swi_Object__table__V)
                  0086bcf8    0000002c     clientAndSRIO_pe66.oe66 (.fardata:ti_sysbios_family_c64p_Exception_Module__state__V)
                  0086bd24    0000002c     clientAndSRIO_pe66.oe66 (.fardata:ti_sysbios_knl_Clock_Module__state__V)
                  0086bd50    00000028     clientAndSRIO_pe66.oe66 (.fardata:ti_sysbios_heaps_HeapMem_Object__table__V)
                  0086bd78    00000024     os.ae66 : ossys.oe66 (.fardata)
                  0086bd9c    00000004     rts6600_elf.lib : defs.obj (.fardata)
                  0086bda0    00000024     clientAndSRIO_pe66.oe66 (.fardata:xdc_runtime_LoggerBuf_Object__table__V)
                  0086bdc4    00000004     rts6600_elf.lib : dtor_list.obj (.fardata)
                  0086bdc8    00000020     ti.drv.qmss.ae66 : qmss_drv.oe66 (.fardata:Qmss_highEoiVector)
                  0086bde8    00000008     ti.transport.ndk.nimu.ae66 : nimu_eth.obj (.fardata:NIMUDeviceTable)
                  0086bdf0    00000020     stk6_ppp_pppoe.ae66 : rtc.oe66 (.fardata:pstrMsgName)
                  0086be10    00000020     clientAndSRIO_pe66.oe66 (.fardata:ti_sdo_ipc_MessageQ_Module_State_0_heaps__A)
                  0086be30    00000020     clientAndSRIO_pe66.oe66 (.fardata:ti_sdo_ipc_Notify_Module_State_0_notifyHandles__A)
                  0086be50    00000020     clientAndSRIO_pe66.oe66 (.fardata:ti_sdo_ipc_transports_TransportShmSetup_Module_State_0_handles__A)
                  0086be70    00000020     clientAndSRIO_pe66.oe66 (.fardata:xdc_runtime_System_Module_State_0_atexitHandlers__A)
                  0086be90    0000001c     clientAndSRIO_pe66.oe66 (.fardata:ti_sdo_ipc_MessageQ_Module__state__V)
                  0086beac    0000001c     clientAndSRIO_pe66.oe66 (.fardata:ti_sysbios_BIOS_Module__state__V)
                  0086bec8    0000001c     clientAndSRIO_pe66.oe66 (.fardata:ti_sysbios_knl_Swi_Module__state__V)
                  0086bee4    00000004     ti.drv.cppi.ae66 : cppi_drv.oe66 (.fardata)
                  0086bee8    00000018     client.obj (.fardata:TaskName)
                  0086bf00    00000018     device_srio_loopback.obj (.fardata:queueHnd0)
                  0086bf18    00000018     clientAndSRIO_pe66.oe66 (.fardata:ti_sysbios_gates_GateMutexPri_Object__table__V)
                  0086bf30    00000014     client.obj (.fardata:ReportStr)
                  0086bf44    00000004     ti.drv.pa.ae66 : painit.oe66 (.fardata)
                  0086bf48    00000014     client.obj (.fardata:StatusStr)
                  0086bf5c    00000004     clientAndSRIO_pe66.oe66 (.fardata:ti_sdo_ipc_ListMP_Module__state__V)
                  0086bf60    00000014     processTask.obj (.fardata:addrs_fir)
                  0086bf74    0000000c     clientAndSRIO_pe66.oe66 (.fardata:xdc_runtime_System_Module__state__V)
                  0086bf80    00000014     stk6_ppp_pppoe.ae66 : sock6pcb.oe66 (.fardata:pSockList)
                  0086bf94    00000008     clientAndSRIO_pe66.oe66 (.fardata:ti_sdo_ipc_GateMP_Module__root__V)
                  0086bf9c    00000004     clientAndSRIO_pe66.oe66 (.fardata:ti_sdo_ipc_SharedRegion_Module__state__V)
                  0086bfa0    00000014     stk6_ppp_pppoe.ae66 : sockpcb.oe66 (.fardata:pSockList)
                  0086bfb4    00000004     clientAndSRIO_pe66.oe66 (.fardata:ti_sdo_ipc_heaps_HeapMemMP_Module__state__V)
                  0086bfb8    00000014     clientAndSRIO_pe66.oe66 (.fardata:ti_sysbios_family_c66_tci66xx_CpIntc_Module_State_0_initSIER__A)
                  0086bfcc    00000014     clientAndSRIO_pe66.oe66 (.fardata:ti_sysbios_timers_timer64_Timer_Module__state__V)
                  0086bfe0    00000010     ti.drv.qmss.ae66 : qmss_drv.oe66 (.fardata:Qmss_lowEoiVector)
                  0086bff0    00000010     idleFunctions_appuser.obj (.fardata:flags_portNotOK)
                  0086c000    00000010     clientAndSRIO_pe66.oe66 (.fardata:ti_sysbios_family_c66_tci66xx_CpIntc_Module_State_0_controller__A)
                  0086c010    00000010     clientAndSRIO_pe66.oe66 (.fardata:ti_sysbios_family_c66_tci66xx_CpIntc_Module__state__V)
                  0086c020    00000010     clientAndSRIO_pe66.oe66 (.fardata:ti_sysbios_gates_GateAll_Object__table__V)
                  0086c030    0000000c     clientAndSRIO_pe66.oe66 (.fardata:ti_sysbios_gates_GateSwi_Object__table__V)
                  0086c03c    00000004     clientAndSRIO_pe66.oe66 (.fardata:ti_sdo_ipc_transports_TransportShmSetup_Module__state__V)
                  0086c040    0000000b     stk6_ppp_pppoe.ae66 : tcp6out.oe66 (.fardata:tcp_outflags)
                  0086c04b    00000001     --HOLE--
                  0086c04c    00000004     clientAndSRIO_pe66.oe66 (.fardata:ti_sdo_utils_MultiProc_Module__state__V)
                  0086c050    0000000b     stk6_ppp_pppoe.ae66 : tcpout.oe66 (.fardata:tcp_outflags)
                  0086c05b    00000001     --HOLE--
                  0086c05c    00000008     clientAndSRIO_pe66.oe66 (.fardata:ti_sdo_ipc_ListMP_Module__root__V)
                  0086c064    00000008     clientAndSRIO_pe66.oe66 (.fardata:ti_sdo_ipc_Notify_Module__root__V)
                  0086c06c    00000008     clientAndSRIO_pe66.oe66 (.fardata:ti_sdo_ipc_Notify_Module__state__V)
                  0086c074    00000008     clientAndSRIO_pe66.oe66 (.fardata:ti_sdo_ipc_family_c647x_Interrupt_Module__state__V)
                  0086c07c    00000008     clientAndSRIO_pe66.oe66 (.fardata:ti_sdo_ipc_gates_GateHWSem_Module__root__V)
                  0086c084    00000008     clientAndSRIO_pe66.oe66 (.fardata:ti_sdo_ipc_gates_GateMPSupportNull_Module__root__V)
                  0086c08c    00000008     clientAndSRIO_pe66.oe66 (.fardata:ti_sdo_ipc_gates_GatePeterson_Module__root__V)
                  0086c094    00000008     clientAndSRIO_pe66.oe66 (.fardata:ti_sdo_ipc_heaps_HeapMemMP_Module__root__V)
                  0086c09c    00000008     clientAndSRIO_pe66.oe66 (.fardata:ti_sdo_ipc_notifyDrivers_NotifyDriverShm_Module__root__V)
                  0086c0a4    00000008     clientAndSRIO_pe66.oe66 (.fardata:ti_sdo_ipc_nsremote_NameServerRemoteNotify_Module__root__V)
                  0086c0ac    00000008     clientAndSRIO_pe66.oe66 (.fardata:ti_sdo_ipc_transports_TransportShm_Module__root__V)
                  0086c0b4    00000008     clientAndSRIO_pe66.oe66 (.fardata:ti_sdo_utils_List_Module__root__V)
                  0086c0bc    00000008     clientAndSRIO_pe66.oe66 (.fardata:ti_sdo_utils_NameServer_Module__root__V)
                  0086c0c4    00000008     clientAndSRIO_pe66.oe66 (.fardata:ti_sdo_utils_NameServer_Module__state__V)
                  0086c0cc    00000008     clientAndSRIO_pe66.oe66 (.fardata:ti_sysbios_family_c64p_Hwi_Module__root__V)
                  0086c0d4    00000008     clientAndSRIO_pe66.oe66 (.fardata:ti_sysbios_gates_GateAll_Module__root__V)
                  0086c0dc    00000008     clientAndSRIO_pe66.oe66 (.fardata:ti_sysbios_gates_GateHwi_Module__root__V)
                  0086c0e4    00000008     clientAndSRIO_pe66.oe66 (.fardata:ti_sysbios_gates_GateMutexPri_Module__root__V)
                  0086c0ec    00000008     clientAndSRIO_pe66.oe66 (.fardata:ti_sysbios_gates_GateMutex_Module__root__V)
                  0086c0f4    00000008     clientAndSRIO_pe66.oe66 (.fardata:ti_sysbios_gates_GateSwi_Module__root__V)
                  0086c0fc    00000004     clientAndSRIO_pe66.oe66 (.fardata:ti_sysbios_heaps_HeapBuf_Module__state__V)
                  0086c100    00000008     clientAndSRIO_pe66.oe66 (.fardata:ti_sysbios_hal_Hwi_Object__table__V)
                  0086c108    00000008     clientAndSRIO_pe66.oe66 (.fardata:ti_sysbios_hal_Timer_Object__table__V)
                  0086c110    00000008     clientAndSRIO_pe66.oe66 (.fardata:ti_sysbios_heaps_HeapMem_Module__root__V)
                  0086c118    00000008     clientAndSRIO_pe66.oe66 (.fardata:ti_sysbios_knl_Clock_Module__root__V)
                  0086c120    00000008     clientAndSRIO_pe66.oe66 (.fardata:ti_sysbios_knl_Queue_Module__root__V)
                  0086c128    00000008     clientAndSRIO_pe66.oe66 (.fardata:ti_sysbios_knl_Semaphore_Module__root__V)
                  0086c130    00000008     clientAndSRIO_pe66.oe66 (.fardata:ti_sysbios_knl_Swi_Module__root__V)
                  0086c138    00000008     clientAndSRIO_pe66.oe66 (.fardata:ti_sysbios_knl_Task_Module__root__V)
                  0086c140    00000008     clientAndSRIO_pe66.oe66 (.fardata:ti_sysbios_xdcruntime_GateThreadSupport_Module__root__V)
                  0086c148    00000008     clientAndSRIO_pe66.oe66 (.fardata:xdc_runtime_GateNull_Module__root__V)
                  0086c150    00000008     clientAndSRIO_pe66.oe66 (.fardata:xdc_runtime_LoggerBuf_Module__root__V)
                  0086c158    00000008     clientAndSRIO_pe66.oe66 (.fardata:xdc_runtime_Registry_Module__state__V)
                  0086c160    00000008     clientAndSRIO_pe66.oe66 (.fardata:xdc_runtime_Startup_Module__state__V)
                  0086c168    00000008     clientAndSRIO_pe66.oe66 (.fardata:xdc_runtime_knl_GateThread_Module__root__V)
                  0086c170    00000006     stk6_ppp_pppoe.ae66 : nimupppoe.oe66 (.fardata:MacBCast)
                  0086c176    00000006     clientAndSRIO_pe66.oe66 (.fardata:xdc_runtime_LoggerBuf_Module__state__V)
                  0086c17c    00000004     clientAndSRIO_pe66.oe66 (.fardata:xdc_runtime_Memory_Module__state__V)
                  0086c180    00000006     stk6_ppp_pppoe.ae66 : lliout.oe66 (.fardata:bEtherBCast)
                  0086c186    00000002     --HOLE--
                  0086c188    00000004     clientAndSRIO_pe66.oe66 (.fardata:ti_sdo_ipc_GateMP_Module_State_0_remoteCustom2Gates__A)
                  0086c18c    00000004     --HOLE--
                  0086c190    00000004     clientAndSRIO_pe66.oe66 (.fardata:ti_sdo_ipc_Notify_Module_State_0_notifyHandles_0__A)
                  0086c194    00000004     --HOLE--
                  0086c198    00000004     clientAndSRIO_pe66.oe66 (.fardata:ti_sdo_ipc_Notify_Module_State_0_notifyHandles_1__A)
                  0086c19c    00000004     --HOLE--
                  0086c1a0    00000004     clientAndSRIO_pe66.oe66 (.fardata:ti_sdo_ipc_Notify_Module_State_0_notifyHandles_2__A)
                  0086c1a4    00000004     --HOLE--
                  0086c1a8    00000004     clientAndSRIO_pe66.oe66 (.fardata:ti_sdo_ipc_Notify_Module_State_0_notifyHandles_3__A)
                  0086c1ac    00000004     --HOLE--
                  0086c1b0    00000004     clientAndSRIO_pe66.oe66 (.fardata:ti_sdo_ipc_Notify_Module_State_0_notifyHandles_4__A)
                  0086c1b4    00000004     --HOLE--
                  0086c1b8    00000004     clientAndSRIO_pe66.oe66 (.fardata:ti_sdo_ipc_Notify_Module_State_0_notifyHandles_5__A)
                  0086c1bc    00000004     --HOLE--
                  0086c1c0    00000004     clientAndSRIO_pe66.oe66 (.fardata:ti_sdo_ipc_Notify_Module_State_0_notifyHandles_6__A)
                  0086c1c4    00000004     --HOLE--
                  0086c1c8    00000004     clientAndSRIO_pe66.oe66 (.fardata:ti_sdo_ipc_Notify_Module_State_0_notifyHandles_7__A)
                  0086c1cc    00000004     --HOLE--
                  0086c1d0    00000004     clientAndSRIO_pe66.oe66 (.fardata:ti_sysbios_gates_GateHwi_Object__table__V)
                  0086c1d4    00000004     --HOLE--
                  0086c1d8    00000004     clientAndSRIO_pe66.oe66 (.fardata:xdc_runtime_GateNull_Object__table__V)
                  0086c1dc    00000004     --HOLE--
                  0086c1e0    00000002     client.obj (.fardata:DHCP_OPTIONS)
                  0086c1e2    00000006     --HOLE--
                  0086c1e8    00000002     ti.drv.qmss.ae66 : qmss_drv.oe66 (.fardata:Qmss_cdmaEoiVector)

.fpgaData0 
*          0    0c010000    00001000     UNINITIALIZED
                  0c010000    00001000     SRIO_loopbackDioIsr.obj (.fpgaData0)

.fpgaData1 
*          0    0c020000    00001000     UNINITIALIZED
                  0c020000    00001000     SRIO_loopbackDioIsr.obj (.fpgaData1)

xdc.meta   0    80000000    00000100     COPY SECTION
                  80000000    00000100     clientAndSRIO_pe66.oe66 (xdc.meta)

.far       0    00800000    0005ddc0     UNINITIALIZED
                  00800000    00050000     (.common:ti_sysbios_heaps_HeapMem_Instance_State_1_buf__A)
                  00850000    0000c1c0     os.ae66 : mem_data.oe66 (.far:NDK_MMBUFFER)
                  0085c1c0    00000800     (.common:xdc_runtime_LoggerBuf_Instance_State_0_entryArr__A)
                  0085c9c0    00000660     nettool.ae66 : daemon.oe66 (.far)
                  0085d020    00000140     (.common:__TI_tmpnams)
                  0085d160    00000120     ti.drv.qmss.ae66 : qmss_drv.oe66 (.far)
                  0085d280    00000110     stk6_ppp_pppoe.ae66 : igmp.oe66 (.far)
                  0085d390    00000100     (.common:gHiPriAccumList_SRIO)
                  0085d490    000000d8     netctrl.ae66 : netsrv.oe66 (.far)
                  0085d568    000000c8     stk6_ppp_pppoe.ae66 : ipv6.oe66 (.far)
                  0085d630    000000c4                         : tcp.oe66 (.far)
                  0085d6f4    000000b8                         : tcp6in.oe66 (.far)
                  0085d7ac    00000004                         : rawethsock_pcb.oe66 (.far)
                  0085d7b0    000000a0     miniPrintf.ae66 : miniPrintf.oe66 (.far)
                  0085d850    0000009c     stk6_ppp_pppoe.ae66 : icmp.oe66 (.far)
                  0085d8ec    00000094     (.common:gPlatformInfo)
                  0085d980    00000080     (.common:drvCfg)
                  0085da00    0000007c     os.ae66 : mem.oe66 (.far)
                  0085da7c    00000004     --HOLE--
                  0085da80    00000078     (.common:gDataBufferMemMgr)
                  0085daf8    00000068     stk6_ppp_pppoe.ae66 : ip.oe66 (.far)
                  0085db60    00000064                         : nimu.oe66 (.far)
                  0085dbc4    00000004     --HOLE--
                  0085dbc8    00000044     ti.platform.evm6678l.ae66 : evmc66x_i2c_eeprom.obj (.far)
                  0085dc0c    00000030     stk6_ppp_pppoe.ae66 : udp.oe66 (.far)
                  0085dc3c    00000004     --HOLE--
                  0085dc40    00000030     ti.transport.ndk.nimu.ae66 : nimu_eth.obj (.far)
                  0085dc70    00000028     stk6_ppp_pppoe.ae66 : vlan.oe66 (.far)
                  0085dc98    00000024                         : udp6.oe66 (.far)
                  0085dcbc    00000004     --HOLE--
                  0085dcc0    00000020     (.common:gCppiCfg)
                  0085dce0    00000020     (.common:ti_sdo_utils_NameServer_Module_State_0_nsRemoteHandle__A)
                  0085dd00    0000001c     os.ae66 : mem_data.oe66 (.far:NDK_MMBUFFER1)
                  0085dd1c    00000018     stk6_ppp_pppoe.ae66 : icmpv6.oe66 (.far)
                  0085dd34    0000000c                         : pbm.oe66 (.far)
                  0085dd40    00000014                         : rtc.oe66 (.far)
                  0085dd54    00000010     netctrl.ae66 : netctrl.oe66 (.far)
                  0085dd64    00000010     stk6_ppp_pppoe.ae66 : raw.oe66 (.far)
                  0085dd74    00000010                         : raw6.oe66 (.far)
                  0085dd84    00000010                         : raweth.oe66 (.far)
                  0085dd94    00000004     --HOLE--
                  0085dd98    00000008     (.common:parmbuf)
                  0085dda0    00000008     (.common:srcDataBuffer)
                  0085dda8    00000008     (.common:ti_sysbios_knl_Task_Instance_State_0_hookEnv__A)
                  0085ddb0    00000008     (.common:ti_sysbios_knl_Task_Instance_State_1_hookEnv__A)
                  0085ddb8    00000008     (.common:ti_sysbios_knl_Task_Instance_State_2_hookEnv__A)

.resmgr_memregion 
*          0    0085de00    00008000     UNINITIALIZED
                  0085de00    00008000     resourcemgr.obj (.resmgr_memregion)

.far:taskStackSection 
*          0    00865e00    00003c00     UNINITIALIZED
                  00865e00    00003c00     clientAndSRIO_pe66.oe66 (.far:taskStackSection)

.resmgr_pa 
*          0    0086e5f0    00001488     UNINITIALIZED
                  0086e5f0    00001488     resourcemgr.obj (.resmgr_pa)

.far:NDK_OBJMEM 
*          0    0086fa80    00001000     UNINITIALIZED
                  0086fa80    00000a00     miniPrintf.ae66 : miniPrintf.oe66 (.far:NDK_OBJMEM)
                  00870480    00000600     os.ae66 : ossys.oe66 (.far:NDK_OBJMEM)

.PCParasVars 
*          0    00870a80    00000c30     UNINITIALIZED
                  00870a80    00000c30     task_TCP_Svr.obj (.PCParasVars)

.nimu_eth_ll2 
*          0    00871a80    00000318     UNINITIALIZED
                  00871a80    00000308     ti.transport.ndk.nimu.ae66 : nimu_eth.obj (.nimu_eth_ll2:uninit)
                  00871d88    00000010                                : nimu_eth.obj (.nimu_eth_ll2:init)

.cio       0    00871d98    00000120     UNINITIALIZED
                  00871d98    00000120     rts6600_elf.lib : trgmsg.obj (.cio)

.resmgr_handles 
*          0    00871ec0    000000a0     UNINITIALIZED
                  00871ec0    000000a0     resourcemgr.obj (.resmgr_handles)

.sharedVar 
*          0    0c000000    0000e840     UNINITIALIZED
                  0c000000    0000e000     SRIO_loopbackDioIsr.obj (.sharedVar)
                  0c00e000    00000800     task_TCP_Svr.obj (.sharedVar)
                  0c00e800    00000040     processTask.obj (.sharedVar)

.filterVars 
*          0    0c011000    00009020     UNINITIALIZED
                  0c011000    00004820     processTask.obj (.filterVars:uninit)
                  0c015820    00004800     processTask.obj (.filterVars:init)

.shared    0    0c021000    000590a0     UNINITIALIZED
                  0c021000    000410a0     SRIO_loopbackDioIsr.obj (.shared)
                  0c0620a0    00018000     processTask.obj (.shared)

.far:NDK_PACKETMEM 
*          0    0c07a100    00052b00     UNINITIALIZED
                  0c07a100    00052b00     stk6_ppp_pppoe.ae66 : pbm_data.oe66 (.far:NDK_PACKETMEM)

systemHeap2 
*          0    80000000    00400000     UNINITIALIZED
                  80000000    00400000     clientAndSRIO_pe66.oe66 (systemHeap2)

.FFTVars   0    80400000    0038e8c0     UNINITIALIZED
                  80400000    0038e8c0     processTask.obj (.FFTVars)

.text.1    0    8078e8c0    00000040     
                  8078e8c0    00000040     stk6_ppp_pppoe.ae66 : bind.oe66 (.text:BindGetIP)

.sharedVar1 
*          0    8078e900    0015b180     UNINITIALIZED
                  8078e900    0015b180     SRIO_loopbackDioIsr.obj (.sharedVar1)

.text.2    0    808e9a80    00079d20     
                  808e9a80    00002d80     ti.transport.ndk.nimu.ae66 : nimu_eth.obj (.text)
                  808ec800    00001fe0     ti.platform.evm6678l.ae66 : platform.obj (.text)
                  808ee7e0    00001c00     SRIO_loopbackDioIsr.obj (.text)
                  808f03e0    00001b40     ti.platform.evm6678l.ae66 : evmc6678.obj (.text)
                  808f1f20    00001a00     stk6_ppp_pppoe.ae66 : tcpin.oe66 (.text:TcpInput)
                  808f3920    000019a0                         : tcp6in.oe66 (.text:TCP6Input)
                  808f52c0    00001240                         : tcpout.oe66 (.text:TcpOutput)
                  808f6500    000011c0     ipc.lib : Ipc.obj (.text:ti_sdo_ipc_GateMP_Instance_init__F)
                  808f76c0    00001180     stk6_ppp_pppoe.ae66 : tcp6out.oe66 (.text:TCP6Output)
                  808f8840    00001160     ti.platform.evm6678l.ae66 : evm66x_nand.obj (.text)
                  808f99a0    00000d80                               : evmc66x_i2c_eeprom.obj (.text)
                  808fa720    00000ce0     task_TCP_Svr.obj (.text)
                  808fb400    00000c40     device_srio_loopback.obj (.text:SrioDevice_init)
                  808fc040    00000b80     stk6_ppp_pppoe.ae66 : ipin.oe66 (.text:IPRxPacket)
                  808fcbc0    00000ae0     resourcemgr.obj (.text)
                  808fd6a0    00000aa0     stk6_ppp_pppoe.ae66 : md5.oe66 (.text:MD5Transform)
                  808fe140    00000a60     ipc.lib : Ipc.obj (.text:ti_sdo_ipc_heaps_HeapMemMP_alloc__E)
                  808feba0    000009e0             : Ipc.obj (.text:ti_sdo_ipc_heaps_HeapMemMP_free__E)
                  808ff580    000009c0     stk6_ppp_pppoe.ae66 : ipout.oe66 (.text:IPTxPacket)
                  808fff40    000009a0     ipc.lib : Ipc.obj (.text:Ipc_attach)
                  809008e0    000009a0     stk6_ppp_pppoe.ae66 : lcp.oe66 (.text:lcpInput)
                  80901280    000009a0     ti.targets.rts6000.ae66 : System.oe66 (.text:xdc_runtime_System_doPrint__I)
                  80901c20    00000940     dsplib.ae66 : DSPF_sp_ifftSPxSP.oe66 (.text:optimized)
                  80902560    00000920     ipc.lib : Ipc.obj (.text:ti_sdo_ipc_transports_TransportShm_Instance_init__F)
                  80902e80    000008a0     nettool.ae66 : httpclie.oe66 (.text:httpClientProcess)
                  80903720    000008a0     ipc.lib : Ipc.obj (.text:ti_sdo_ipc_ListMP_Instance_init__F)
                  80903fc0    00000860             : Ipc.obj (.text:ti_sdo_ipc_GateMP_Instance_finalize__F)
                  80904820    00000840             : Ipc.obj (.text:MessageQ_put)
                  80905060    00000840     client.obj (.text)
                  809058a0    000007e0     ti.drv.qmss.ae66 : qmss_drv.oe66 (.text:Qmss_insertMemoryRegion)
                  80906080    000007e0     stk6_ppp_pppoe.ae66 : ipcp.oe66 (.text:ipcpInput)
                  80906860    000007c0     nettool.ae66 : httpsend.oe66 (.text:SetContentType)
                  80907020    000007c0     stk6_ppp_pppoe.ae66 : sock.oe66 (.text:SockSet)
                  809077e0    000007a0     srio_drv.obj (.text:Srio_processDrvConfig)
                  80907f80    000007a0     stk6_ppp_pppoe.ae66 : fileuser.oe66 (.text:fdPoll)
                  80908720    00000780     ipc.lib : Ipc.obj (.text:ti_sdo_ipc_heaps_HeapMemMP_Instance_init__F)
                  80908ea0    00000780     sysbios.lib : BIOS.obj (.text:ti_sysbios_family_c64p_Exception_handler__I)
                  80909620    00000740     processTask.obj (.text)
                  80909d60    00000720     ti.drv.pa.ae66 : pa.oe66 (.text:Pa_addMac)
                  8090a480    00000700     ipc.lib : Ipc.obj (.text:Notify_registerEvent)
                  8090ab80    000006c0     nettool.ae66 : telnetd.oe66 (.text:telnet_netdata)
                  8090b240    000006c0     ipc.lib : Ipc.obj (.text:ti_sdo_ipc_nsremote_NameServerRemoteNotify_Instance_init__F)
                  8090b900    000006a0             : Ipc.obj (.text:NameServer_add)
                  8090bfa0    00000680     stk6_ppp_pppoe.ae66 : icmpv6_ndisc.oe66 (.text:ICMPv6RecvRA)
                  8090c620    00000660     ti.drv.cppi.ae66 : cppi_drv.oe66 (.text:Cppi_configureRxFlow)
                  8090cc80    00000660     sysbios.lib : BIOS.obj (.text:ti_sysbios_heaps_HeapMem_free__E)
                  8090d2e0    00000620     ipc.lib : Ipc.obj (.text:Notify_sendEvent)
                  8090d900    00000620     stk6_ppp_pppoe.ae66 : route6.oe66 (.text:Rt6Create)
                  8090df20    00000620     sysbios.lib : BIOS.obj (.text:ti_sysbios_heaps_HeapMem_alloc__E)
                  8090e540    00000600     rts6600_elf.lib : divd.obj (.text:__c6xabi_divd)
                  8090eb40    000005e0     ipc.lib : Ipc.obj (.text:Notify_registerEventSingle)
                  8090f120    000005c0     stk6_ppp_pppoe.ae66 : ipfrag.oe66 (.text:IPReasm)
                  8090f6e0    000005c0     ipc.lib : Ipc.obj (.text:ListMP_getHead)
                  8090fca0    000005c0             : Ipc.obj (.text:Notify_unregisterEventSingle)
                  80910260    000005c0             : Ipc.obj (.text:ti_sdo_ipc_SharedRegion_start__F)
                  80910820    000005c0     sysbios.lib : BIOS.obj (.text:ti_sysbios_timers_timer64_Timer_Module_startup__F)
                  80910de0    000005a0     stk6_ppp_pppoe.ae66 : icmpin.oe66 (.text:ICMPInput)
                  80911380    000005a0     ti.platform.evm6678l.ae66 : evmc66x_spi.obj (.text)
                  80911920    00000580     stk6_ppp_pppoe.ae66 : nimuppp.oe66 (.text:pppEvent)
                  80911ea0    00000580     ipc.lib : Ipc.obj (.text:ti_sdo_ipc_nsremote_NameServerRemoteNotify_get__F)
                  80912420    00000580             : Ipc.obj (.text:ti_sdo_ipc_transports_TransportShm_put__E)
                  809129a0    00000560     stk6_ppp_pppoe.ae66 : ipv6.oe66 (.text:IPv6IPAddressToString)
                  80912f00    00000560     srio_drv.obj (.text:Srio_sockSend_DIO)
                  80913460    00000560     ti.platform.evm6678l.ae66 : evmc6678_phy.obj (.text)
                  809139c0    00000540     ipc.lib : Ipc.obj (.text:ti_sdo_ipc_Ipc_procSyncStart__I)
                  80913f00    00000520     stk6_ppp_pppoe.ae66 : sock.oe66 (.text:SockNew)
                  80914420    00000520     ti.platform.evm6678l.ae66 : evmc66x_nor.obj (.text)
                  80914940    00000500     sysbios.lib : BIOS.obj (.text:ti_sysbios_knl_Task_Instance_finalize__F)
                  80914e40    000004e0     stk6_ppp_pppoe.ae66 : udp.oe66 (.text:UdpInput)
                  80915320    000004e0                         : nimupppoe.oe66 (.text:pppoeInputS)
                  80915800    000004e0     ipc.lib : Ipc.obj (.text:ti_sdo_ipc_notifyDrivers_NotifyDriverShm_Instance_init__F)
                  80915ce0    000004c0     ti.drv.cppi.ae66 : cppi_drv.oe66 (.text:Cppi_txChannelOpen)
                  809161a0    000004c0     stk6_ppp_pppoe.ae66 : sock6.oe66 (.text:Sock6Connect)
                  80916660    000004c0                         : sock6.oe66 (.text:Sock6Set)
                  80916b20    000004c0     ti.platform.evm6678l.ae66 : evmc66x_fpga.obj (.text)
                  80916fe0    000004a0     stk6_ppp_pppoe.ae66 : bind6.oe66 (.text:Bind6New)
                  80917480    000004a0                         : lliin.oe66 (.text:LLIRxPacket)
                  80917920    000004a0                         : sock6.oe66 (.text:Sock6Recv)
                  80917dc0    000004a0                         : sock.oe66 (.text:SockRecv)
                  80918260    000004a0     ipc.lib : Ipc.obj (.text:ti_sdo_ipc_gates_GatePeterson_Instance_init__F)
                  80918700    00000480     SRIO_TransmitToFPGA.obj (.text)
                  80918b80    00000480     miniPrintf.ae66 : miniPrintf.oe66 (.text:_parsearg)
                  80919000    00000480     dsplib.ae66 : DSPF_sp_fftSPxSP.oe66 (.text:optimized)
                  80919480    00000460     stk6_ppp_pppoe.ae66 : nimuppp.oe66 (.text:pppNew)
                  809198e0    00000460     ipc.lib : Ipc.obj (.text:ti_sdo_ipc_GateMP_setRegion0Reserved__F)
                  80919d40    00000460             : Ipc.obj (.text:ti_sdo_ipc_Ipc_procSyncFinish__I)
                  8091a1a0    00000440     ti.drv.cppi.ae66 : cppi_drv.oe66 (.text:Cppi_rxChannelOpen)
                  8091a5e0    00000440     ipc.lib : Ipc.obj (.text:ListMP_putTail)
                  8091aa20    00000440     stk6_ppp_pppoe.ae66 : sock6.oe66 (.text:Sock6New)
                  8091ae60    00000440                         : auth.oe66 (.text:chapInput)
                  8091b2a0    00000440                         : fileuser.oe66 (.text:fdSelect)
                  8091b6e0    00000440                         : nimupppoe.oe66 (.text:pppoeInputC)
                  8091bb20    00000440     ipc.lib : Ipc.obj (.text:ti_sdo_ipc_heaps_HeapMemMP_getStats__E)
                  8091bf60    00000440             : Ipc.obj (.text:ti_sdo_ipc_heaps_HeapMemMP_postInit__I)
                  8091c3a0    00000420     miniPrintf.ae66 : miniPrintf.oe66 (.text:_int2str)
                  8091c7c0    00000420     nettool.ae66 : daemon.oe66 (.text:daemon)
                  8091cbe0    00000420     ti.drv.pa.ae66 : pa.oe66 (.text:pa_conv_routing_info)
                  8091d000    00000400     stk6_ppp_pppoe.ae66 : sock6.oe66 (.text:Sock6Send)
                  8091d400    00000400     os.ae66 : efs.oe66 (.text:efs_filecheck)
                  8091d800    00000400     ipc.lib : Ipc.obj (.text:ti_sdo_ipc_Notify_Instance_init__F)
                  8091dc00    00000400     sysbios.lib : BIOS.obj (.text:ti_sysbios_knl_Semaphore_pend__E)
                  8091e000    000003e0     stk6_ppp_pppoe.ae66 : ipv6_frag.oe66 (.text:IPv6TxFragPacket)
                  8091e3e0    000003e0     rts6600_elf.lib : fputs.obj (.text:fputs)
                  8091e7c0    000003c0     ti.drv.cppi.ae66 : cppi_desc.oe66 (.text:Cppi_initDescriptor)
                  8091eb80    000003c0     stk6_ppp_pppoe.ae66 : ipv6out.oe66 (.text:IPv6TxPacket)
                  8091ef40    000003c0                         : lli6.oe66 (.text:LLI6TimerCheck)
                  8091f300    000003c0                         : sock.oe66 (.text:SockSend)
                  8091f6c0    000003c0                         : tcp6.oe66 (.text:TCP6TimeoutCheck)
                  8091fa80    000003c0                         : tcp.oe66 (.text:TcpTimeoutCheck)
                  8091fe40    000003c0     ti.csl.intc.ae66 : csl_intcHwControl.oe66 (.text:csl_section:intc:CSL_intcHwControl)
                  80920200    000003c0     ipc.lib : Ipc.obj (.text:ti_sdo_ipc_SharedRegion_reserveMemory__F)
                  809205c0    000003c0     sysbios.lib : BIOS.obj (.text:ti_sysbios_knl_Task_Instance_init__F)
                  80920980    000003c0                 : BIOS.obj (.text:ti_sysbios_knl_Task_setPri__E)
                  80920d40    000003a0     stk6_ppp_pppoe.ae66 : nimu.oe66 (.text:NIMUIoctl)
                  809210e0    000003a0                         : route.oe66 (.text:RtCreate)
                  80921480    000003a0                         : sb.oe66 (.text:SBRead)
                  80921820    000003a0     os.ae66 : mem.oe66 (.text:_mmCheck)
                  80921bc0    000003a0     stk6_ppp_pppoe.ae66 : auth.oe66 (.text:papInput)
                  80921f60    00000380     ipc.lib : Ipc.obj (.text:HeapMemMP_sharedMemReq)
                  809222e0    00000380     stk6_ppp_pppoe.ae66 : icmpv6in.oe66 (.text:ICMPv6RxPacket)
                  80922660    00000380                         : igmp.oe66 (.text:IGMPInput)
                  809229e0    00000380                         : sock6int.oe66 (.text:Sock6Notify)
                  80922d60    00000380                         : sock.oe66 (.text:SockConnect)
                  809230e0    00000380                         : sockint.oe66 (.text:SockNotify)
                  80923460    00000380     nettool.ae66 : dhcppkt.oe66 (.text:dhcpPacketProcess)
                  809237e0    00000360     stk6_ppp_pppoe.ae66 : icmpv6out.oe66 (.text:ICMPv6SendParameterProblem)
                  80923b40    00000360                         : ipv6_frag.oe66 (.text:IPv6FragReasm)
                  80923ea0    00000360                         : lliout.oe66 (.text:LLITxIpPacket)
                  80924200    00000360     SRIO_loopbackDioIsr_osal.obj (.text)
                  80924560    00000360     srio_drv.obj (.text:Srio_init)
                  809248c0    00000340     ipc.lib : Ipc.obj (.text:GateMP_sharedMemReq)
                  80924c00    00000340     ti.drv.pa.ae66 : painit.oe66 (.text:Pa_create)
                  80924f40    00000340     ti.drv.qmss.ae66 : qmss_drv.oe66 (.text:Qmss_init)
                  80925280    00000340     os.ae66 : mem.oe66 (.text:mmAlloc)
                  809255c0    00000340     stk6_ppp_pppoe.ae66 : nimupppoe.oe66 (.text:pppoeSI)
                  80925900    00000340     ipc.lib : Ipc.obj (.text:ti_sdo_ipc_nsremote_NameServerRemoteNotify_swiFxn__I)
                  80925c40    00000340     clientAndSRIO_pe66.oe66 (.text:xdc_runtime_System_printfExtend__I)
                  80925f80    00000320     nettool.ae66 : config.oe66 (.text:CfgAddEntry)
                  809262a0    00000320     stk6_ppp_pppoe.ae66 : icmpv6_ndisc.oe66 (.text:ICMPv6RecvRedirect)
                  809265c0    00000320                         : nimupppoe.oe66 (.text:SendServerMsg)
                  809268e0    00000320     nettool.ae66 : telnetd.oe66 (.text:telnet_engine)
                  80926c00    00000320     ti.platform.evm6678l.ae66 : evmc66x_uart.obj (.text)
                  80926f20    00000300     ipc.lib : Ipc.obj (.text:GateMP_openByAddr)
                  80927220    00000300     stk6_ppp_pppoe.ae66 : icmpv6_ndisc.oe66 (.text:ICMPv6RecvNS)
                  80927520    00000300                         : icmpv6out.oe66 (.text:ICMPv6SendDstUnreachable)
                  80927820    00000300                         : icmpv6out.oe66 (.text:ICMPv6SendTimeExceeded)
                  80927b20    00000300     netctrl.ae66 : netctrl.oe66 (.text:NetScheduler)
                  80927e20    00000300     stk6_ppp_pppoe.ae66 : sock6pcb.oe66 (.text:Sock6PcbBind)
                  80928120    00000300                         : udp6.oe66 (.text:Udp6Input)
                  80928420    00000300     nettool.ae66 : inetaddr.oe66 (.text:inet_aton)
                  80928720    00000300     ipc.lib : Ipc.obj (.text:ti_sdo_ipc_transports_TransportShm_openByAddr__F)
                  80928a20    00000300     sysbios.lib : BIOS.obj (.text:ti_sysbios_family_c64p_Hwi_dispatchC__I)
                  80928d20    000002e0     stk6_ppp_pppoe.ae66 : ipv6_frag.oe66 (.text:IPv6FragQEnqueueFrag)
                  80929000    000002e0     ti.drv.pa.ae66 : pa.oe66 (.text:Pa_forwardResult)
                  809292e0    000002e0     stk6_ppp_pppoe.ae66 : route6.oe66 (.text:Rt6Find)
                  809295c0    000002e0                         : nimupppoe.oe66 (.text:SendClientMsg)
                  809298a0    000002e0     ipc.lib : Ipc.obj (.text:SharedRegion_getEntry)
                  80929b80    000002e0             : Ipc.obj (.text:SharedRegion_getPtr)
                  80929e60    000002e0     stk6_ppp_pppoe.ae66 : udp.oe66 (.text:UdpOutput)
                  8092a140    000002e0     rts6600_elf.lib : cos.obj (.text:cos)
                  8092a420    000002e0     sysbios.lib : BIOS.obj (.text:ti_sysbios_gates_GateMutexPri_enter__E)
                  8092a700    000002e0                 : BIOS.obj (.text:ti_sysbios_knl_Task_Module_startup__F)
                  8092a9e0    000002c0     stk6_ppp_pppoe.ae66 : bind.oe66 (.text:BindNew)
                  8092aca0    000002c0                         : sb6.oe66 (.text:SB6Read)
                  8092af60    000002c0                         : sock6pcb.oe66 (.text:Sock6PcbResolve)
                  8092b220    000002c0                         : udp6.oe66 (.text:Udp6Output)
                  8092b4e0    000002c0                         : nimuppp.oe66 (.text:pppInput)
                  8092b7a0    000002c0     ipc.lib : Ipc.obj (.text:ti_sdo_ipc_notifyDrivers_NotifyDriverShm_isr__I)
                  8092ba60    000002a0     stk6_ppp_pppoe.ae66 : ipv6_exthdrs.oe66 (.text:IPv6ParseExtnHeaders)
                  8092bd00    000002a0     ipc.lib : Ipc.obj (.text:Ipc_start)
                  8092bfa0    000002a0             : Ipc.obj (.text:NameServer_getLocal)
                  8092c240    000002a0     stk6_ppp_pppoe.ae66 : node.oe66 (.text:NodeAdd)
                  8092c4e0    000002a0                         : route6.oe66 (.text:Rt6Free)
                  8092c780    000002a0                         : rtable.oe66 (.text:RtFind)
                  8092ca20    000002a0                         : sock6pcb.oe66 (.text:Sock6PcbFind)
                  8092ccc0    000002a0                         : sock.oe66 (.text:SockClose)
                  8092cf60    000002a0                         : tcp6prot.oe66 (.text:TCP6PrSetOption)
                  8092d200    000002a0                         : tcpprot.oe66 (.text:TcpPrSetOption)
                  8092d4a0    000002a0     rts6600_elf.lib : sin.obj (.text:sin)
                  8092d740    000002a0     sysbios.lib : BIOS.obj (.text:ti_sysbios_family_c66_tci66xx_CpIntc_Module_startup__F)
                  8092d9e0    000002a0                 : BIOS.obj (.text:ti_sysbios_knl_Clock_workFunc__E)
                  8092dc80    000002a0                 : BIOS.obj (.text:ti_sysbios_knl_Task_sleep__E)
                  8092df20    00000280     nettool.ae66 : dhcpmain.oe66 (.text:DHCPOpen)
                  8092e1a0    00000280     stk6_ppp_pppoe.ae66 : icmp.oe66 (.text:ICMPGenPacket)
                  8092e420    00000280                         : icmpv6in.oe66 (.text:ICMPv6RecvEchoRequest)
                  8092e6a0    00000280                         : lli6.oe66 (.text:LLI6NeighUnreachStateMachine)
                  8092e920    00000280     ipc.lib : Ipc.obj (.text:SharedRegion_getSRPtr)
                  8092eba0    00000280     stk6_ppp_pppoe.ae66 : sockpcb.oe66 (.text:SockPcbResolve)
                  8092ee20    00000280                         : sock.oe66 (.text:SockRecvNC)
                  8092f0a0    00000280     srio_drv.obj (.text:Srio_sockBind_DIO)
                  8092f320    00000280     stk6_ppp_pppoe.ae66 : tcp6out.oe66 (.text:TCP6GenPacket)
                  8092f5a0    00000280     sysbios.lib : BIOS.obj (.text:deviceConfig$44)
                  8092f820    00000280     stk6_ppp_pppoe.ae66 : ipcp.oe66 (.text:ipcpSendCfg)
                  8092faa0    00000280                         : lcp.oe66 (.text:lcpSendCfg)
                  8092fd20    00000280     platform_osal.obj (.text)
                  8092ffa0    00000280     ipc.lib : Ipc.obj (.text:ti_sdo_ipc_notifyDrivers_NotifyDriverShm_sharedMemReq__F)
                  80930220    00000280     sysbios.lib : BIOS.obj (.text:ti_sysbios_knl_Clock_Instance_init__F)
                  809304a0    00000280                 : BIOS.obj (.text:ti_sysbios_knl_Task_exit__E)
                  80930720    00000280     ti.targets.rts6000.ae66 : Core-mem.oe66 (.text:xdc_runtime_Core_createObject__I)
                  809309a0    00000280                             : Error.oe66 (.text:xdc_runtime_Error_raiseX__F)
                  80930c20    00000260     stk6_ppp_pppoe.ae66 : icmpv6_ndisc.oe66 (.text:ICMPv6SendNA)
                  80930e80    00000260                         : icmpv6_ndisc.oe66 (.text:ICMPv6SendNS)
                  809310e0    00000260                         : lli6.oe66 (.text:LLI6TxIPPacket)
                  80931340    00000260     ipc.lib : Ipc.obj (.text:ListMP_sharedMemReq)
                  809315a0    00000260     stk6_ppp_pppoe.ae66 : nimu.oe66 (.text:NIMUReceivePacket)
                  80931800    00000260                         : rawethsock.oe66 (.text:RawEthSockSet)
                  80931a60    00000260                         : sb6.oe66 (.text:SB6Write)
                  80931cc0    00000260                         : sb.oe66 (.text:SBWrite)
                  80931f20    00000260                         : sock6.oe66 (.text:Sock6Close)
                  80932180    00000260                         : sockpcb.oe66 (.text:SockPcbBind)
                  809323e0    00000260     srio_drv.obj (.text:Srio_getSockOpt)
                  80932640    00000260     nettool.ae66 : httppars.oe66 (.text:httpParseRecv)
                  809328a0    00000260     ipc.lib : Ipc.obj (.text:ti_sdo_ipc_ListMP_Instance_finalize__F)
                  80932b00    00000260             : Ipc.obj (.text:ti_sdo_ipc_heaps_HeapMemMP_Instance_finalize__F)
                  80932d60    00000260             : Ipc.obj (.text:ti_sdo_ipc_notifyDrivers_NotifyDriverShm_disableEvent__E)
                  80932fc0    00000260     ti.targets.rts6000.ae66 : Startup.oe66 (.text:xdc_runtime_Startup_startMods__I)
                  80933220    00000240     ti.drv.cppi.ae66 : cppi_drv.oe66 (.text:Cppi_open)
                  80933460    00000240     nettool.ae66 : daemon.oe66 (.text:DaemonNew)
                  809336a0    00000240     ti.drv.pa.ae66 : pa.oe66 (.text:Pa_resetControl)
                  809338e0    00000240     stk6_ppp_pppoe.ae66 : pipe.oe66 (.text:PipeRecv)
                  80933b20    00000240                         : raw.oe66 (.text:RawInput)
                  80933d60    00000240     srio_drv.obj (.text:Srio_sockOpen)
                  80933fa0    00000240     rts6600_elf.lib : imath64.obj (.text:__c6xabi_divull)
                  809341e0    00000240     nettool.ae66 : dhcpsm.oe66 (.text:dhcpIPAdd)
                  80934420    00000240                  : dhcpsm.oe66 (.text:dhcpState)
                  80934660    00000240     sysbios.lib : BIOS.obj (.text:ti_sysbios_family_c64p_Exception_internalHandler__I)
                  809348a0    00000240                 : BIOS.obj (.text:ti_sysbios_knl_Semaphore_post__E)
                  80934ae0    00000240     ti.targets.rts6000.ae66 : LoggerBuf.oe66 (.text:xdc_runtime_LoggerBuf_write8__F)
                  80934d20    00000220     stk6_ppp_pppoe.ae66 : bind6.oe66 (.text:Bind6RunDAD)
                  80934f40    00000220                         : icmpv6_ndisc.oe66 (.text:ICMPv6RecvNA)
                  80935160    00000220                         : igmp.oe66 (.text:IGMPJoinHostGroup)
                  80935380    00000220                         : ipv6in.oe66 (.text:IPv6RxPacket)
                  809355a0    00000220                         : rawethsock.oe66 (.text:RawEthSockNew)
                  809357c0    00000220                         : sockpcb.oe66 (.text:SockPcbFind)
                  809359e0    00000220     srio_drv.obj (.text:Srio_processAppConfig)
                  80935c00    00000220     srio_drv.obj (.text:Srio_start)
                  80935e20    00000220     ti.csl.intc.ae66 : csl_intcOpen.oe66 (.text:csl_section:intc:CSL_intcOpen)
                  80936040    00000220                      : _csl_intcCombEventDispatcher.oe66 (.text:csl_section:intc:_CSL_intcEvent0Dispatcher)
                  80936260    00000220                      : _csl_intcCombEventDispatcher.oe66 (.text:csl_section:intc:_CSL_intcEvent1Dispatcher)
                  80936480    00000220                      : _csl_intcCombEventDispatcher.oe66 (.text:csl_section:intc:_CSL_intcEvent2Dispatcher)
                  809366a0    00000220                      : _csl_intcCombEventDispatcher.oe66 (.text:csl_section:intc:_CSL_intcEvent3Dispatcher)
                  809368c0    00000220     nettool.ae66 : dhcppkt.oe66 (.text:dhcpVerifyMessage)
                  80936ae0    00000220     rts6600_elf.lib : fputc.obj (.text:fputc)
                  80936d00    00000220     nettool.ae66 : httpclie.oe66 (.text:httpGetAuthParams)
                  80936f20    00000220     rts6600_elf.lib : setvbuf.obj (.text:setvbuf)
                  80937140    00000220     sysbios.lib : BIOS.obj (.text:ti_sysbios_family_c64p_Hwi_reconfig__E)
                  80937360    00000220                 : BIOS.obj (.text:ti_sysbios_knl_Swi_run__I)
                  80937580    00000220                 : BIOS.obj (.text:ti_sysbios_knl_Task_schedule__I)
                  809377a0    00000220                 : BIOS.obj (.text:ti_sysbios_knl_Task_startup__E)
                  809379c0    00000200     ipc.lib : Ipc.obj (.text:GateMP_enter)
                  80937bc0    00000200             : Ipc.obj (.text:GateMP_leave)
                  80937dc0    00000200     stk6_ppp_pppoe.ae66 : ipv6_frag.oe66 (.text:IPv6ParseFragHdr)
                  80937fc0    00000200                         : lli6.oe66 (.text:LLI6New)
                  809381c0    00000200     ipc.lib : Ipc.obj (.text:ListMP_openByAddr)
                  809383c0    00000200     ti.drv.qmss.ae66 : qmss_drv.oe66 (.text:Qmss_internalQueueOpen)
                  809385c0    00000200                      : qmss_acc.oe66 (.text:Qmss_programAccumulator)
                  809387c0    00000200     stk6_ppp_pppoe.ae66 : rtc.oe66 (.text:RTCReport)
                  809389c0    00000200                         : raw6.oe66 (.text:Raw6Output)
                  80938bc0    00000200     sysbios.lib : c64p_Hwi_disp_always.obj (.text:_ti_sysbios_family_c64p_Hwi_dispatchAlways)
                  80938dc0    00000200     stk6_ppp_pppoe.ae66 : socket.oe66 (.text:accept)
                  80938fc0    00000200     sysbios.lib : BIOS.obj (.text:block$56)
                  809391c0    00000200     ti.drv.cppi.ae66 : cppi_heap.oe66 (.text:cppi_internal_heap_add)
                  809393c0    00000200     dsplib.ae66 : DSPF_sp_fir_r2.oe66 (.text:optimized)
                  809395c0    00000200     stk6_ppp_pppoe.ae66 : nimupppoe.oe66 (.text:pppoeCtrlMsg)
                  809397c0    00000200     ipc.lib : Ipc.obj (.text:ti_sdo_ipc_family_c647x_MultiProcSetup_init__I)
                  809399c0    00000200             : Ipc.obj (.text:ti_sdo_ipc_notifyDrivers_NotifyDriverShm_sendEvent__E)
                  80939bc0    00000200             : Ipc.obj (.text:ti_sdo_ipc_transports_TransportShm_Instance_finalize__F)
                  80939dc0    000001e0     stk6_ppp_pppoe.ae66 : igmp.oe66 (.text:IGMPSendReply)
                  80939fa0    000001e0                         : route6.oe66 (.text:Rt6Modify)
                  8093a180    000001e0                         : sock6pcb.oe66 (.text:Sock6PcbFindRaw)
                  8093a360    000001e0                         : tcpout.oe66 (.text:TcpGenPacket)
                  8093a540    000001e0     miniPrintf.ae66 : miniPrintf.oe66 (.text:_str2str)
                  8093a720    000001e0     stk6_ppp_pppoe.ae66 : auth.oe66 (.text:chapSendMsg)
                  8093a900    000001e0     nettool.ae66 : dhcpsock.oe66 (.text:dhcpSocketOpen)
                  8093aae0    000001e0     stk6_ppp_pppoe.ae66 : socket.oe66 (.text:recvnc)
                  8093acc0    000001e0                         : socket.oe66 (.text:sendto)
                  8093aea0    000001e0     ipc.lib : Ipc.obj (.text:ti_sdo_ipc_GateMP_attach__F)
                  8093b080    000001e0             : Ipc.obj (.text:ti_sdo_ipc_GateMP_getFreeResource__I)
                  8093b260    000001e0     sysbios.lib : BIOS.obj (.text:ti_sysbios_knl_Task_postInit__I)
                  8093b440    000001e0                 : BIOS.obj (.text:ti_sysbios_timers_timer64_Timer_getFreq__E)
                  8093b620    000001c0     nettool.ae66 : config.oe66 (.text:CfgExecute)
                  8093b7e0    000001c0     ti.drv.cppi.ae66 : cppi_drv.oe66 (.text:Cppi_channelClose)
                  8093b9a0    000001c0                      : cppi_drv.oe66 (.text:Cppi_initCfg)
                  8093bb60    000001c0     ipc.lib : Ipc.obj (.text:HeapMemMP_openByAddr)
                  8093bd20    000001c0     stk6_ppp_pppoe.ae66 : ip.oe66 (.text:IPGetRoute)
                  8093bee0    000001c0                         : ipv6_exthdrs.oe66 (.text:IPv6ParseHopOptions)
                  8093c0a0    000001c0                         : lliout.oe66 (.text:LLIGenArpPacket)
                  8093c260    000001c0     ti.drv.qmss.ae66 : qmss_drv.oe66 (.text:Qmss_internaldownloadFirmware)
                  8093c420    000001c0     netctrl.ae66 : netsrv.oe66 (.text:SPIpNet)
                  8093c5e0    000001c0     stk6_ppp_pppoe.ae66 : tcptime.oe66 (.text:TcpTimeoutRexmt)
                  8093c7a0    000001c0                         : lli.oe66 (.text:_LLITimeoutCheck)
                  8093c960    000001c0     miniPrintf.ae66 : miniPrintf.oe66 (.text:_printf)
                  8093cb20    000001c0     nettool.ae66 : dhcpbild.oe66 (.text:dhcpBuildHeader)
                  8093cce0    000001c0     stk6_ppp_pppoe.ae66 : fileuser.oe66 (.text:fdClose)
                  8093cea0    000001c0     ipc.lib : Ipc.obj (.text:ti_sdo_ipc_notifyDrivers_NotifyDriverShm_registerEvent__E)
                  8093d060    000001c0     sysbios.lib : BIOS.obj (.text:ti_sysbios_knl_Swi_Instance_init__F)
                  8093d220    000001c0                 : BIOS.obj (.text:ti_sysbios_knl_Task_checkStacks__E)
                  8093d3e0    000001c0                 : BIOS.obj (.text:ti_sysbios_timers_timer64_Timer_setPeriodMicroSecs__E)
                  8093d5a0    000001a0     stk6_ppp_pppoe.ae66 : bind6.oe66 (.text:Bind6Msg)
                  8093d740    000001a0     nettool.ae66 : config.oe66 (.text:CfgRemoveEntry)
                  8093d8e0    000001a0     rts6600_elf.lib : hostrename.obj (.text:HOSTrename)
                  8093da80    000001a0     stk6_ppp_pppoe.ae66 : icmpin.oe66 (.text:ICMPRevSrcRoute)
                  8093dc20    000001a0                         : ipv6_frag.oe66 (.text:IPv6FragMsg)
                  8093ddc0    000001a0                         : ipv6_exthdrs.oe66 (.text:IPv6ParseRoutingHdr)
                  8093df60    000001a0     netctrl.ae66 : netctrl.oe66 (.text:NC_NetStart)
                  8093e100    000001a0     stk6_ppp_pppoe.ae66 : node.oe66 (.text:NodeTreeFree)
                  8093e2a0    000001a0     ti.drv.pa.ae66 : pa.oe66 (.text:Pa_downloadImage)
                  8093e440    000001a0     stk6_ppp_pppoe.ae66 : raw6.oe66 (.text:Raw6Input)
                  8093e5e0    000001a0                         : route6.oe66 (.text:Route6LifetimeMgmt)
                  8093e780    000001a0     ipc.lib : Ipc.obj (.text:SharedRegion_getCacheLineSize)
                  8093e920    000001a0             : Ipc.obj (.text:SharedRegion_getHeap)
                  8093eac0    000001a0             : Ipc.obj (.text:SharedRegion_isCacheEnabled)
                  8093ec60    000001a0     stk6_ppp_pppoe.ae66 : sockint.oe66 (.text:SockCreatePacket)
                  8093ee00    000001a0     nettool.ae66 : dhcpsm.oe66 (.text:StateRenewRebind)
                  8093efa0    000001a0     stk6_ppp_pppoe.ae66 : tcp6time.oe66 (.text:TCP6TimeoutRexmt)
                  8093f140    000001a0     nettool.ae66 : dhcptags.oe66 (.text:dhcpBuildOptions)
                  8093f2e0    000001a0     stk6_ppp_pppoe.ae66 : socket.oe66 (.text:getpeername)
                  8093f480    000001a0     nettool.ae66 : telnetd.oe66 (.text:telnet_termdata)
                  8093f620    000001a0     ipc.lib : Ipc.obj (.text:ti_sdo_ipc_GateMP_openRegion0Reserved__F)
                  8093f7c0    000001a0             : Ipc.obj (.text:ti_sdo_ipc_notifyDrivers_NotifyDriverShm_enableEvent__E)
                  8093f960    000001a0             : Ipc.obj (.text:ti_sdo_ipc_notifyDrivers_NotifyDriverShm_unregisterEvent__E)
                  8093fb00    000001a0             : Ipc.obj (.text:ti_sdo_ipc_nsremote_NameServerRemoteNotify_attach__E)
                  8093fca0    000001a0     sysbios.lib : BIOS.obj (.text:ti_sysbios_family_c66_tci66xx_CpIntc_dispatch__F)
                  8093fe40    000001a0                 : BIOS.obj (.text:ti_sysbios_gates_GateMutex_enter__E)
                  8093ffe0    000001a0                 : BIOS.obj (.text:ti_sysbios_timers_timer64_Timer_start__E)
                  80940180    000001a0     ti.targets.rts6000.ae66 : LoggerBuf.oe66 (.text:xdc_runtime_LoggerBuf_write4__F)
                  80940320    00000180     stk6_ppp_pppoe.ae66 : bind6.oe66 (.text:Bind6GetGlobalAddress)
                  809404a0    00000180                         : igmp.oe66 (.text:IGMPMsg)
                  80940620    00000180     ipc.lib : Ipc.obj (.text:MultiProc_setLocalId)
                  809407a0    00000180     stk6_ppp_pppoe.ae66 : nimu.oe66 (.text:NIMURegister)
                  80940920    00000180     ipc.lib : Ipc.obj (.text:NameServer_getHandle)
                  80940aa0    00000180             : Ipc.obj (.text:Notify_intLineRegistered)
                  80940c20    00000180     netctrl.ae66 : netsrv.oe66 (.text:ServiceScan)
                  80940da0    00000180                  : netsrv.oe66 (.text:ServiceSpawn)
                  80940f20    00000180     nettool.ae66 : dhcpsm.oe66 (.text:StateBound)
                  809410a0    00000180     stk6_ppp_pppoe.ae66 : socket.oe66 (.text:bind)
                  80941220    00000180     nettool.ae66 : dhcpbild.oe66 (.text:dhcpBuildRequest)
                  809413a0    00000180     os.ae66 : task.oe66 (.text:llEnter)
                  80941520    00000180     stk6_ppp_pppoe.ae66 : auth.oe66 (.text:papSendCfg)
                  809416a0    00000180     sysbios.lib : c64p_Exception_asm.obj (.text)
                  80941820    00000180     ipc.lib : Ipc.obj (.text:ti_sdo_ipc_MessageQ_registerTransport__F)
                  809419a0    00000180             : Ipc.obj (.text:ti_sdo_ipc_Notify_Module_startup__F)
                  80941b20    00000180             : Ipc.obj (.text:ti_sdo_ipc_gates_GatePeterson_enter__E)
                  80941ca0    00000180             : Ipc.obj (.text:ti_sdo_utils_NameServer_Module_startup__F)
                  80941e20    00000180     sysbios.lib : BIOS.obj (.text:ti_sysbios_heaps_HeapBuf_Module_startup__F)
                  80941fa0    00000180                 : BIOS.obj (.text:ti_sysbios_heaps_HeapMem_Instance_init__F)
                  80942120    00000180                 : BIOS.obj (.text:ti_sysbios_knl_Swi_schedule__I)
                  809422a0    00000180                 : BIOS.obj (.text:ti_sysbios_knl_Task_unblockI__E)
                  80942420    00000180     ti.targets.rts6000.ae66 : Text.oe66 (.text:xdc_runtime_Text_putSite__F)
                  809425a0    00000160     nettool.ae66 : config.oe66 (.text:CfgGetEntry)
                  80942700    00000160                  : config.oe66 (.text:CfgGetNextEntry)
                  80942860    00000160     os.ae66 : ossys.oe66 (.text:DbgPrintf)
                  809429c0    00000160     stk6_ppp_pppoe.ae66 : igmp.oe66 (.text:IGMPDoMCast)
                  80942b20    00000160                         : nimu.oe66 (.text:NIMUIoctlSpecialCmd)
                  80942c80    00000160                         : pbm.oe66 (.text:PBM_free)
                  80942de0    00000160                         : nimuppp.oe66 (.text:PPPStop)
                  80942f40    00000160                         : pipe.oe66 (.text:PipeSend)
                  809430a0    00000160     ti.drv.qmss.ae66 : qmss_drv.oe66 (.text:Qmss_getMemoryRegionCfg)
                  80943200    00000160     stk6_ppp_pppoe.ae66 : raw.oe66 (.text:RawOutput)
                  80943360    00000160                         : rtable.oe66 (.text:RtTimeoutCheck)
                  809434c0    00000160                         : rtable.oe66 (.text:RtWalkNext)
                  80943620    00000160     netctrl.ae66 : netsrv.oe66 (.text:SPRoute)
                  80943780    00000160     stk6_ppp_pppoe.ae66 : sock6.oe66 (.text:Sock6Check)
                  809438e0    00000160                         : sock6int.oe66 (.text:Sock6CreatePacket)
                  80943a40    00000160                         : sock6pcb.oe66 (.text:Sock6PcbConnect)
                  80943ba0    00000160                         : sock.oe66 (.text:SockCheck)
                  80943d00    00000160                         : sockpcb.oe66 (.text:SockPcbConnect)
                  80943e60    00000160     srio_drv.obj (.text:Srio_sockClose_DIO)
                  80943fc0    00000160     nettool.ae66 : dhcpsm.oe66 (.text:StateRequesting)
                  80944120    00000160     stk6_ppp_pppoe.ae66 : tcp6time.oe66 (.text:TCP6TimeoutKeep)
                  80944280    00000160                         : tcptime.oe66 (.text:TcpTimeoutKeep)
                  809443e0    00000160                         : auth.oe66 (.text:authInit)
                  80944540    00000160     nettool.ae66 : httpclie.oe66 (.text:httpExtractTag)
                  809446a0    00000160                  : httpsend.oe66 (.text:httpSendErrorHTML)
                  80944800    00000160     stk6_ppp_pppoe.ae66 : socket.oe66 (.text:setsockopt)
                  80944960    00000160     nettool.ae66 : telnetd.oe66 (.text:telnetClientProcess)
                  80944ac0    00000160     ipc.lib : Ipc.obj (.text:ti_sdo_ipc_GateMP_createLocal__F)
                  80944c20    00000160             : Ipc.obj (.text:ti_sdo_ipc_MessageQ_unregisterTransport__F)
                  80944d80    00000160             : Ipc.obj (.text:ti_sdo_ipc_gates_GateHWSem_Instance_init__F)
                  80944ee0    00000160             : Ipc.obj (.text:ti_sdo_ipc_transports_TransportShm_sharedMemReq__F)
                  80945040    00000160             : Ipc.obj (.text:ti_sdo_utils_NameServer_isRegistered__E)
                  809451a0    00000160             : Ipc.obj (.text:ti_sdo_utils_NameServer_registerRemoteDriver__E)
                  80945300    00000160             : Ipc.obj (.text:ti_sdo_utils_NameServer_unregisterRemoteDriver__E)
                  80945460    00000140     stk6_ppp_pppoe.ae66 : bind6.oe66 (.text:Bind6DADCheck)
                  809455a0    00000140                         : bind6.oe66 (.text:Bind6Free)
                  809456e0    00000140     ti.csl.ae66 : csl_chip.oe66 (.text:CSL_chipReadReg)
                  80945820    00000140     stk6_ppp_pppoe.ae66 : exec.oe66 (.text:ExecOpen)
                  80945960    00000140     ipc.lib : Ipc.obj (.text:GateMP_close)
                  80945aa0    00000140     stk6_ppp_pppoe.ae66 : icmp.oe66 (.text:ICMPSendRtAdv)
                  80945be0    00000140                         : igmp.oe66 (.text:IGMPJoin)
                  80945d20    00000140                         : ipv6.oe66 (.text:IPv6DisplayIPAddress)
                  80945e60    00000140                         : lli6.oe66 (.text:LLI6Find)
                  80945fa0    00000140                         : lli.oe66 (.text:LLINew)
                  809460e0    00000140                         : node.oe66 (.text:NodeFind)
                  80946220    00000140                         : node.oe66 (.text:NodeWalk)
                  80946360    00000140     ipc.lib : Ipc.obj (.text:Notify_attach)
                  809464a0    00000140     stk6_ppp_pppoe.ae66 : pbm.oe66 (.text:PBM_alloc)
                  809465e0    00000140                         : rtable.oe66 (.text:RtFlush)
                  80946720    00000140                         : sb6.oe66 (.text:SB6New)
                  80946860    00000140     netctrl.ae66 : netsrv.oe66 (.text:ServiceKill)
                  809469a0    00000140     stk6_ppp_pppoe.ae66 : sock6.oe66 (.text:Sock6Accept)
                  80946ae0    00000140                         : sock6.oe66 (.text:Sock6Listen)
                  80946c20    00000140                         : sock.oe66 (.text:SockAccept)
                  80946d60    00000140                         : sock.oe66 (.text:SockListen)
                  80946ea0    00000140                         : sockpcb.oe66 (.text:SockPcbCtlError)
                  80946fe0    00000140     rts6600_elf.lib : fclose.obj (.text:__TI_closefile)
                  80947120    00000140     boot.ae66 : autoinit.oe66 (.text:_auto_init_elf)
                  80947260    00000140     stk6_ppp_pppoe.ae66 : auth.oe66 (.text:authGetPassword)
                  809473a0    00000140     ti.csl.intc.ae66 : _csl_intcIntrEnDisRes.oe66 (.text:csl_section:intc)
                  809474e0    00000140     nettool.ae66 : dhcptags.oe66 (.text:dhcpDecodeType)
                  80947620    00000140     rts6600_elf.lib : fflush.obj (.text:fflush)
                  80947760    00000140                     : getdevice.obj (.text:getdevice)
                  809478a0    00000140     nettool.ae66 : httpsend.oe66 (.text:httpAuthenticationReq)
                  809479e0    00000140     os.ae66 : mem.oe66 (.text:mmCopy)
                  80947b20    00000140     stk6_ppp_pppoe.ae66 : socket.oe66 (.text:recv)
                  80947c60    00000140                         : socket.oe66 (.text:send)
                  80947da0    00000140     ipc.lib : Ipc.obj (.text:ti_sdo_ipc_Notify_exec__F)
                  80947ee0    00000140     sysbios.lib : BIOS.obj (.text:ti_sysbios_family_c64p_Hwi_Module_startup__F)
                  80948020    00000140                 : BIOS.obj (.text:ti_sysbios_family_c66_Cache_Module_startup__F)
                  80948160    00000140                 : BIOS.obj (.text:ti_sysbios_gates_GateSwi_enter__E)
                  809482a0    00000140                 : BIOS.obj (.text:ti_sysbios_knl_Clock_Instance_finalize__F)
[...]
8096f8e0  ti_sysbios_family_c66_tci66xx_CpIntc_numStatusRegs__C                     
8096f8e4  ti_sysbios_family_c66_tci66xx_CpIntc_numSysInts__C                        
8096f8e8  ti_sysbios_family_c66_tci66xx_CpIntc_sysIntToHostInt__C                   
8096f8ec  ti_sysbios_gates_GateMutexPri_A_badContext__C                             
8096f8f0  ti_sysbios_gates_GateMutexPri_Instance_State_pendQ__O                     
8096f8f4  ti_sysbios_gates_GateMutexPri_Module__diagsEnabled__C                     
8096f8f8  ti_sysbios_gates_GateMutexPri_Module__diagsIncluded__C                    
8096f8fc  ti_sysbios_gates_GateMutexPri_Module__diagsMask__C                        
8096f900  ti_sysbios_gates_GateMutex_A_badContext__C                                
8096f904  ti_sysbios_gates_GateMutex_Instance_State_sem__O                          
8096f908  ti_sysbios_gates_GateMutex_Module__diagsEnabled__C                        
8096f90c  ti_sysbios_gates_GateMutex_Module__diagsIncluded__C                       
8096f910  ti_sysbios_gates_GateMutex_Module__diagsMask__C                           
8096f914  ti_sysbios_gates_GateSwi_A_badContext__C                                  
8096f918  ti_sysbios_gates_GateSwi_Module__diagsEnabled__C                          
8096f91c  ti_sysbios_gates_GateSwi_Module__diagsIncluded__C                         
8096f920  ti_sysbios_gates_GateSwi_Module__diagsMask__C                             
8096f924  ti_sysbios_hal_Hwi_E_stackOverflow__C                                     
8096f928  ti_sysbios_heaps_HeapBuf_Instance_State_freeList__O                       
8096f92c  ti_sysbios_heaps_HeapBuf_Object__count__C                                 
8096f930  ti_sysbios_heaps_HeapBuf_Object__table__C                                 
8096f934  ti_sysbios_heaps_HeapBuf_numConstructedHeaps__C                           
8096f938  ti_sysbios_heaps_HeapMem_A_align__C                                       
8096f93c  ti_sysbios_heaps_HeapMem_A_heapSize__C                                    
8096f940  ti_sysbios_heaps_HeapMem_A_invalidFree__C                                 
8096f944  ti_sysbios_heaps_HeapMem_A_zeroBlock__C                                   
8096f948  ti_sysbios_heaps_HeapMem_E_memory__C                                      
8096f94c  ti_sysbios_heaps_HeapMem_Module__diagsEnabled__C                          
8096f950  ti_sysbios_heaps_HeapMem_Module__diagsIncluded__C                         
8096f954  ti_sysbios_heaps_HeapMem_Module__diagsMask__C                             
8096f958  ti_sysbios_heaps_HeapMem_Module__gateObj__C                               
8096f95c  ti_sysbios_heaps_HeapMem_Object__count__C                                 
8096f960  ti_sysbios_heaps_HeapMem_Object__table__C                                 
8096f964  ti_sysbios_heaps_HeapMem_reqAlignMask__C                                  
8096f968  ti_sysbios_heaps_HeapMem_reqAlign__C                                      
8096f96c  ti_sysbios_knl_Clock_A_badThreadType__C                                   
8096f970  ti_sysbios_knl_Clock_LM_begin__C                                          
8096f974  ti_sysbios_knl_Clock_LM_tick__C                                           
8096f978  ti_sysbios_knl_Clock_LW_delayed__C                                        
8096f97c  ti_sysbios_knl_Clock_Module_State_clockQ__O                               
8096f980  ti_sysbios_knl_Clock_Module__diagsEnabled__C                              
8096f984  ti_sysbios_knl_Clock_Module__diagsIncluded__C                             
8096f988  ti_sysbios_knl_Clock_Module__diagsMask__C                                 
8096f98c  ti_sysbios_knl_Clock_Module__loggerFxn1__C                                
8096f990  ti_sysbios_knl_Clock_Module__loggerFxn2__C                                
8096f994  ti_sysbios_knl_Clock_Module__loggerObj__C                                 
8096f998  ti_sysbios_knl_Clock_tickMode__C                                          
8096f99c  ti_sysbios_knl_Clock_tickSource__C                                        
8096f9a0  ti_sysbios_knl_Queue_Object__count__C                                     
8096f9a4  ti_sysbios_knl_Queue_Object__table__C                                     
8096f9a8  ti_sysbios_knl_Semaphore_A_badContext__C                                  
8096f9ac  ti_sysbios_knl_Semaphore_A_noEvents__C                                    
8096f9b0  ti_sysbios_knl_Semaphore_A_overflow__C                                    
8096f9b4  ti_sysbios_knl_Semaphore_Instance_State_pendQ__O                          
8096f9b8  ti_sysbios_knl_Semaphore_LM_pend__C                                       
8096f9bc  ti_sysbios_knl_Semaphore_LM_post__C                                       
8096f9c0  ti_sysbios_knl_Semaphore_Module__diagsEnabled__C                          
8096f9c4  ti_sysbios_knl_Semaphore_Module__diagsIncluded__C                         
8096f9c8  ti_sysbios_knl_Semaphore_Module__diagsMask__C                             
8096f9cc  ti_sysbios_knl_Semaphore_Module__loggerFxn2__C                            
8096f9d0  ti_sysbios_knl_Semaphore_Module__loggerFxn4__C                            
8096f9d4  ti_sysbios_knl_Semaphore_Module__loggerObj__C                             
8096f9d8  ti_sysbios_knl_Swi_A_badPriority__C                                       
8096f9dc  ti_sysbios_knl_Swi_LD_end__C                                              
8096f9e0  ti_sysbios_knl_Swi_LM_begin__C                                            
8096f9e4  ti_sysbios_knl_Swi_LM_post__C                                             
8096f9e8  ti_sysbios_knl_Swi_Module__diagsEnabled__C                                
8096f9ec  ti_sysbios_knl_Swi_Module__diagsIncluded__C                               
8096f9f0  ti_sysbios_knl_Swi_Module__diagsMask__C                                   
8096f9f4  ti_sysbios_knl_Swi_Module__loggerFxn1__C                                  
8096f9f8  ti_sysbios_knl_Swi_Module__loggerFxn4__C                                  
8096f9fc  ti_sysbios_knl_Swi_Module__loggerObj__C                                   
8096fa00  ti_sysbios_knl_Swi_Object__count__C                                       
8096fa04  ti_sysbios_knl_Swi_Object__table__C                                       
8096fa08  ti_sysbios_knl_Task_A_badPriority__C                                      
8096fa0c  ti_sysbios_knl_Task_A_badTaskState__C                                     
8096fa10  ti_sysbios_knl_Task_A_badThreadType__C                                    
8096fa14  ti_sysbios_knl_Task_A_badTimeout__C                                       
8096fa18  ti_sysbios_knl_Task_A_noPendElem__C                                       
8096fa1c  ti_sysbios_knl_Task_E_spOutOfBounds__C                                    
8096fa20  ti_sysbios_knl_Task_E_stackOverflow__C                                    
8096fa24  ti_sysbios_knl_Task_LD_block__C                                           
8096fa28  ti_sysbios_knl_Task_LD_exit__C                                            
8096fa2c  ti_sysbios_knl_Task_LD_ready__C                                           
8096fa30  ti_sysbios_knl_Task_LM_setPri__C                                          
8096fa34  ti_sysbios_knl_Task_LM_sleep__C                                           
8096fa38  ti_sysbios_knl_Task_LM_switch__C                                          
8096fa3c  ti_sysbios_knl_Task_LM_yield__C                                           
8096fa40  ti_sysbios_knl_Task_Module_State_inactiveQ__O                             
8096fa44  ti_sysbios_knl_Task_Module_State_terminatedQ__O                           
8096fa48  ti_sysbios_knl_Task_Module__diagsEnabled__C                               
8096fa4c  ti_sysbios_knl_Task_Module__diagsIncluded__C                              
8096fa50  ti_sysbios_knl_Task_Module__diagsMask__C                                  
8096fa54  ti_sysbios_knl_Task_Module__loggerFxn2__C                                 
8096fa58  ti_sysbios_knl_Task_Module__loggerFxn4__C                                 
8096fa5c  ti_sysbios_knl_Task_Module__loggerObj__C                                  
8096fa60  ti_sysbios_knl_Task_Object__count__C                                      
8096fa64  ti_sysbios_knl_Task_Object__heap__C                                       
8096fa68  ti_sysbios_knl_Task_Object__table__C                                      
8096fa6c  ti_sysbios_knl_Task_allBlockedFunc__C                                     
8096fa70  ti_sysbios_knl_Task_defaultStackHeap__C                                   
8096fa74  ti_sysbios_knl_Task_defaultStackSize__C                                   
8096fa78  ti_sysbios_knl_Task_numConstructedTasks__C                                
8096fa7c  ti_sysbios_knl_Task_numPriorities__C                                      
8096fa80  ti_sysbios_timers_timer64_Timer_A_notAvailable__C                         
8096fa84  ti_sysbios_timers_timer64_Timer_E_cannotSupport__C                        
8096fa88  ti_sysbios_timers_timer64_Timer_Module__diagsEnabled__C                   
8096fa8c  ti_sysbios_timers_timer64_Timer_Module__diagsIncluded__C                  
8096fa90  ti_sysbios_timers_timer64_Timer_Module__diagsMask__C                      
8096fa94  ti_sysbios_timers_timer64_Timer_anyMask__C                                
8096fa98  ti_sysbios_timers_timer64_Timer_freqDivisor__C                            
8096fa9c  ti_sysbios_timers_timer64_Timer_numLocalTimers__C                         
8096faa0  ti_sysbios_timers_timer64_Timer_numTimerDevices__C                        
8096faa4  ti_sysbios_xdcruntime_GateThreadSupport_Instance_State_gate__O            
8096faa8  xdc_runtime_Assert_E_assertFailed__C                                      
8096faac  xdc_runtime_Core_A_initializedParams__C                                   
8096fab0  xdc_runtime_Core_Module__diagsEnabled__C                                  
8096fab4  xdc_runtime_Core_Module__diagsIncluded__C                                 
8096fab8  xdc_runtime_Core_Module__diagsMask__C                                     
8096fabc  xdc_runtime_Error_E_generic__C                                            
8096fac0  xdc_runtime_Error_E_memory__C                                             
8096fac4  xdc_runtime_Error_Module__diagsEnabled__C                                 
8096fac8  xdc_runtime_Error_Module__diagsIncluded__C                                
8096facc  xdc_runtime_Error_Module__diagsMask__C                                    
8096fad0  xdc_runtime_Error_Module__loggerFxn8__C                                   
8096fad4  xdc_runtime_Error_Module__loggerObj__C                                    
8096fad8  xdc_runtime_Error_policy__C                                               
8096fadc  xdc_runtime_Error_raiseHook__C                                            
8096fae0  xdc_runtime_IFilterLogger_Interface__BASE__C                              
8096fae4  xdc_runtime_IGateProvider_Interface__BASE__C                              
8096fae8  xdc_runtime_IHeap_Interface__BASE__C                                      
8096faec  xdc_runtime_ILogger_Interface__BASE__C                                    
8096faf0  xdc_runtime_IModule_Interface__BASE__C                                    
8096faf4  xdc_runtime_Log_L_error__C                                                
8096faf8  xdc_runtime_LoggerBuf_E_badLevel__C                                       
8096fafc  xdc_runtime_LoggerBuf_Module__gateObj__C                                  
8096fb00  xdc_runtime_LoggerBuf_Object__count__C                                    
8096fb04  xdc_runtime_LoggerBuf_Object__table__C                                    
8096fb08  xdc_runtime_LoggerBuf_statusLogger__C                                     
8096fb0c  xdc_runtime_Memory_defaultHeapInstance__C                                 
8096fb10  xdc_runtime_Startup_execImpl__C                                           
8096fb14  xdc_runtime_Startup_maxPasses__C                                          
8096fb18  xdc_runtime_Startup_sfxnRts__C                                            
8096fb1c  xdc_runtime_Startup_sfxnTab__C                                            
8096fb20  xdc_runtime_Startup_startModsFxn__C                                       
8096fb24  xdc_runtime_System_Module__gateObj__C                                     
8096fb28  xdc_runtime_System_extendFxn__C                                           
8096fb2c  xdc_runtime_System_maxAtexitHandlers__C                                   
8096fb30  xdc_runtime_Text_charTab__C                                               
8096fb34  xdc_runtime_Text_nameEmpty__C                                             
8096fb38  xdc_runtime_Text_nameStatic__C                                            
8096fb3c  xdc_runtime_Text_nameUnknown__C                                           
8096fb40  xdc_runtime_Text_nodeTab__C                                               
8096fb44  xdc_runtime_Text_visitRopeFxn__C                                          
8096fb48  ti_sdo_ipc_transports_TransportShm_Module__id__C                          
8096fb4a  ti_sdo_ipc_transports_TransportShm_notifyEventId__C                       
8096fb4c  ti_sdo_utils_MultiProc_Module__id__C                                      
8096fb4e  ti_sdo_utils_MultiProc_numProcessors__C                                   
8096fb50  ti_sdo_utils_MultiProc_numProcsInCluster__C                               
8096fb52  ti_sdo_utils_NameServer_Module__id__C                                     
8096fb54  ti_sysbios_BIOS_Module__id__C                                             
8096fb56  ti_sysbios_family_c64p_EventCombiner_Module__id__C                        
8096fb58  ti_sysbios_family_c64p_Exception_Module__id__C                            
8096fb5a  ti_sysbios_family_c64p_Hwi_Module__id__C                                  
8096fb5c  ti_sysbios_family_c64p_Hwi_Module__loggerDefined__C                       
8096fb5e  ti_sysbios_family_c66_tci66xx_CpIntc_Module__id__C                        
8096fb60  ti_sysbios_gates_GateMutexPri_Module__id__C                               
8096fb62  ti_sysbios_gates_GateMutex_Module__id__C                                  
8096fb64  ti_sysbios_gates_GateSwi_Module__id__C                                    
8096fb66  ti_sysbios_hal_Hwi_Module__id__C                                          
8096fb68  ti_sysbios_heaps_HeapMem_Module__id__C                                    
8096fb6a  ti_sysbios_knl_Clock_Module__id__C                                        
8096fb6c  ti_sysbios_knl_Clock_Module__loggerDefined__C                             
8096fb6e  ti_sysbios_knl_Semaphore_Module__id__C                                    
8096fb70  ti_sysbios_knl_Semaphore_Module__loggerDefined__C                         
8096fb72  ti_sysbios_knl_Swi_Module__id__C                                          
8096fb74  ti_sysbios_knl_Swi_Module__loggerDefined__C                               
8096fb76  ti_sysbios_knl_Task_Module__id__C                                         
8096fb78  ti_sysbios_knl_Task_Module__loggerDefined__C                              
8096fb7a  ti_sysbios_knl_Task_deleteTerminatedTasks__C                              
8096fb7c  ti_sysbios_knl_Task_initStackFlag__C                                      
8096fb7e  ti_sysbios_timers_timer64_Timer_Module__id__C                             
8096fb80  ti_sysbios_timers_timer64_Timer_startupNeeded__C                          
8096fb82  xdc_runtime_Core_Module__id__C                                            
8096fb84  xdc_runtime_Error_Module__loggerDefined__C                                
8096fb86  xdc_runtime_Error_maxDepth__C                                             
8096fb88  xdc_runtime_LoggerBuf_Module__id__C                                       
8096fb8a  xdc_runtime_LoggerBuf_filterByLevel__C                                    
8096fb8c  xdc_runtime_Memory_Module__id__C                                          
8096fb8e  xdc_runtime_Text_charCnt__C                                               
8096fb90  xdc_runtime_Text_isLoaded__C                                              
8096fb92  xdc_runtime_Text_registryModsLastId__C                                    
8096fb94  xdc_runtime_Text_unnamedModsLastId__C                                     
8096fc00  queueFree                                                                 
80971c00  qmssGObj                                                                  
80972058  gDeviceNandBBlist                                                         
80973284  gDeviceNand                                                               
809732bc  gDeviceNor                                                                
809732f4  gDeviceEeprom0                                                            
8097332c  gDeviceEeprom1                                                            
80973368  emac_port_mode                                                            
80973370  firs_native                                                               
80973b90  index_firs_native                                                         
80974400  _CSL_intcVectorTable                                                      
80974800  ti_sysbios_family_c64p_Hwi0                                               
80974820  ti_sysbios_family_c64p_Hwi1                                               
80974840  ti_sysbios_family_c64p_Hwi2                                               
80974860  ti_sysbios_family_c64p_Hwi3                                               
80974880  ti_sysbios_family_c64p_Hwi4                                               
809748a0  ti_sysbios_family_c64p_Hwi5                                               
809748c0  ti_sysbios_family_c64p_Hwi6                                               
809748e0  ti_sysbios_family_c64p_Hwi7                                               
80974900  ti_sysbios_family_c64p_Hwi8                                               
80974920  ti_sysbios_family_c64p_Hwi9                                               
80974940  ti_sysbios_family_c64p_Hwi10                                              
80974960  ti_sysbios_family_c64p_Hwi11                                              
80974980  ti_sysbios_family_c64p_Hwi12                                              
809749a0  ti_sysbios_family_c64p_Hwi13                                              
809749c0  ti_sysbios_family_c64p_Hwi14                                              
809749e0  ti_sysbios_family_c64p_Hwi15                                              
80974c00  cppiObject                                                                
80974e00  gSRIODriverMCB                                                            
80974f00  isSRIOInitialized                                                         
80976d00  __TI_Handler_Table_Base                                                   
80976d08  __TI_CINIT_Base                                                           
80976d08  __TI_Handler_Table_Limit                                                  
80976de0  __TI_CINIT_Limit                                                          
ffffffff  __TI_pprof_out_hndl                                                       
ffffffff  __TI_prof_data_size                                                       
ffffffff  __TI_prof_data_start                                                      
ffffffff  __binit__                                                                 
ffffffff  __c_args__                                                                
ffffffff  binit                                                                     
UNDEFED   __TI_INITARRAY_Base                                                       
UNDEFED   __TI_INITARRAY_Limit                                                      

[2454 symbols]
